BL51 BANKED LINKER/LOCATER V6.22                                                        10/22/2020  15:00:38  PAGE 1


BL51 BANKED LINKER/LOCATER V6.22, INVOKED BY:
C:\PROGRAM\KEIL\C51\BIN\BL51.EXE .\out\ACD.obj, .\out\ADC.obj, .\out\ADXL345.obj, .\out\AM2321.obj, .\out\CC1101.obj, .\
>> out\crc.obj, .\out\main.obj, .\out\STC12C5A60S2_EEPROM.obj, .\out\GF3658.obj, .\out\SHT10.obj TO .\out\Sub_Modbus PRI
>> NT (.\Sub_Modbus.m51) RAMSIZE (256)


MEMORY MODEL: SMALL WITH FLOATING POINT ARITHMETIC


INPUT MODULES INCLUDED:
  .\out\ACD.obj (ACD)
  .\out\ADC.obj (ADC)
  .\out\ADXL345.obj (ADXL345)
  .\out\AM2321.obj (AM2321)
  .\out\CC1101.obj (CC1101)
  .\out\crc.obj (CRC)
  .\out\main.obj (MAIN)
  .\out\STC12C5A60S2_EEPROM.obj (STC12C5A60S2_EEPROM)
  .\out\GF3658.obj (GF3658)
  .\out\SHT10.obj (SHT10)
  C:\PROGRAM\KEIL\C51\LIB\C51FPS.LIB (?C?FPADD)
  C:\PROGRAM\KEIL\C51\LIB\C51FPS.LIB (?C?FPMUL)
  C:\PROGRAM\KEIL\C51\LIB\C51FPS.LIB (?C?FPDIV)
  C:\PROGRAM\KEIL\C51\LIB\C51FPS.LIB (?C?FPCMP)
  C:\PROGRAM\KEIL\C51\LIB\C51FPS.LIB (?C?FCAST)
  C:\PROGRAM\KEIL\C51\LIB\C51FPS.LIB (?C?CASTF)
  C:\PROGRAM\KEIL\C51\LIB\C51FPS.LIB (?C?FPGETOPN)
  C:\PROGRAM\KEIL\C51\LIB\C51S.LIB (?C_STARTUP)
  C:\PROGRAM\KEIL\C51\LIB\C51S.LIB (?C?CLDPTR)
  C:\PROGRAM\KEIL\C51\LIB\C51S.LIB (?C?CLDOPTR)
  C:\PROGRAM\KEIL\C51\LIB\C51S.LIB (?C?CSTPTR)
  C:\PROGRAM\KEIL\C51\LIB\C51S.LIB (?C?CSTOPTR)
  C:\PROGRAM\KEIL\C51\LIB\C51S.LIB (?C?LNEG)
  C:\PROGRAM\KEIL\C51\LIB\C51S.LIB (?C?SLCMP)
  C:\PROGRAM\KEIL\C51\LIB\C51S.LIB (?C_INIT)


LINK MAP OF MODULE:  .\out\Sub_Modbus (ACD)


            TYPE    BASE      LENGTH    RELOCATION   SEGMENT NAME
            -----------------------------------------------------

            * * * * * * *   D A T A   M E M O R Y   * * * * * * *
            REG     0000H     0008H     ABSOLUTE     "REG BANK 0"
            DATA    0008H     000EH     UNIT         _DATA_GROUP_
            DATA    0016H     0005H     UNIT         ?DT?AM2321
            DATA    001BH     0001H     UNIT         ?DT?_GF3658_DATA?GF3658
                    001CH     0004H                  *** GAP ***
            BIT     0020H.0   0000H.1   UNIT         ?BI?MAIN
            BIT     0020H.1   0000H.1   UNIT         _BIT_GROUP_
                    0020H.2   0000H.6                *** GAP ***
            DATA    0021H     002FH     UNIT         ?DT?MAIN
            DATA    0050H     0023H     UNIT         ?DT?CC1101
            DATA    0073H     000CH     UNIT         ?DT?SHT10
            IDATA   007FH     0001H     UNIT         ?STACK

            * * * * * * *  X D A T A   M E M O R Y  * * * * * * *
BL51 BANKED LINKER/LOCATER V6.22                                                      10/22/2020  15:00:38  PAGE 2


            XDATA   0000H     02FFH     UNIT         ?XD?MAIN
            XDATA   02FFH     0008H     UNIT         ?XD?ADXL345
            XDATA   0307H     0005H     UNIT         ?XD?AM2321

            * * * * * * *   C O D E   M E M O R Y   * * * * * * *
            CODE    0000H     0003H     ABSOLUTE     
            CODE    0003H     0020H     UNIT         ?PR?_ADXL345_SENDBYTE?ADXL345
            CODE    0023H     0003H     ABSOLUTE     
            CODE    0026H     0757H     UNIT         ?PR?READ_SENSE?MAIN
            CODE    077DH     0468H     UNIT         ?C?LIB_CODE
            CODE    0BE5H     038BH     UNIT         ?PR?MAIN?MAIN
            CODE    0F70H     01BBH     UNIT         ?PR?_DELAY?CC1101
            CODE    112BH     0150H     UNIT         ?PR?WRITE_SENSE?MAIN
            CODE    127BH     00FEH     UNIT         ?PR?_GF3658_MAP?GF3658
            CODE    1379H     00F5H     UNIT         ?PR?HALRFWRITERFSETTINGS?CC1101
            CODE    146EH     00C4H     UNIT         ?PR?GET_TEMP?SHT10
            CODE    1532H     00ADH     UNIT         ?PR?GET_HUMI?SHT10
            CODE    15DFH     009DH     UNIT         ?PR?_HALRFRECEIVEPACKET?CC1101
            CODE    167CH     009AH     UNIT         ?PR?_GF3658_DISPLAY?GF3658
            CODE    1716H     008CH     UNIT         ?C_C51STARTUP
            CODE    17A2H     0088H     UNIT         ?PR?READ_SENSOR?AM2321
            CODE    182AH     0068H     UNIT         ?C_INITSEG
            CODE    1892H     0057H     UNIT         ?PR?_CAL_CRC?CRC
            CODE    18E9H     0057H     UNIT         ?PR?READ?SHT10
            CODE    1940H     0050H     UNIT         ?PR?_GF3658_DATA?GF3658
            CODE    1990H     0044H     UNIT         ?CO?MAIN
            CODE    19D4H     003AH     UNIT         ?PR?_ADC10_START?ACD
            CODE    1A0EH     0038H     UNIT         ?PR?UART1_RCV?MAIN
            CODE    1A46H     0038H     UNIT         ?PR?_EEPROM_WRITE_BYTE?STC12C5A60S2_EEPROM
            CODE    1A7EH     0037H     UNIT         ?PR?MULTIPLE_READ_ADXL345?ADXL345
            CODE    1AB5H     0036H     UNIT         ?PR?READ_SENSORDATA?AM2321
            CODE    1AEBH     0034H     UNIT         ?PR?_HALSPIREADBURSTREG?CC1101
            CODE    1B1FH     0033H     UNIT         ?PR?_EEPROM_READ_N?STC12C5A60S2_EEPROM
            CODE    1B52H     0033H     UNIT         ?PR?_EEPROM_WRITE_N?STC12C5A60S2_EEPROM
            CODE    1B85H     0033H     UNIT         ?PR?_WRITE_SHT?SHT10
            CODE    1BB8H     0033H     UNIT         ?PR?_MEASURE?SHT10
            CODE    1BEBH     0032H     UNIT         ?PR?_HALSPIWRITEBURSTREG?CC1101
            CODE    1C1DH     0031H     UNIT         ?PR?INIT_ADXL345?ADXL345
            CODE    1C4EH     002AH     UNIT         ?PR?_SPITXRXBYTE?CC1101
            CODE    1C78H     0029H     UNIT         ?PR?ZHUDONG?MAIN
            CODE    1CA1H     0029H     UNIT         ?PR?GF3658?GF3658
            CODE    1CCAH     0023H     UNIT         ?PR?DEAL_WHOLE?SHT10
            CODE    1CEDH     0022H     UNIT         ?PR?_SINGLE_READ_ADXL345?ADXL345
            CODE    1D0FH     0021H     UNIT         ?PR?GF3658_INIT?GF3658
            CODE    1D30H     0020H     UNIT         ?PR?ADXL345_RECVBYTE?ADXL345
            CODE    1D50H     001FH     UNIT         ?PR?_HALRFSENDPACKET?CC1101
            CODE    1D6FH     001EH     UNIT         ?PR?POWER_UP_RESET_CC1100?CC1101
            CODE    1D8DH     001EH     UNIT         ?PR?_EEPROM_SECTORERASE?STC12C5A60S2_EEPROM
            CODE    1DABH     0019H     UNIT         ?PR?_HALWAIT?CC1101
            CODE    1DC4H     0019H     UNIT         ?PR?TRANS_START?SHT10
            CODE    1DDDH     0017H     UNIT         ?PR?UART1_INIT?MAIN
            CODE    1DF4H     0017H     UNIT         ?PR?_UART1_TXBYTE?MAIN
            CODE    1E0BH     0014H     UNIT         ?PR?_SINGLE_WRITE_ADXL345?ADXL345
            CODE    1E1FH     0014H     UNIT         ?PR?_HALSPIREADREG?CC1101
            CODE    1E33H     0014H     UNIT         ?PR?_HALSPIREADSTATUS?CC1101
            CODE    1E47H     0013H     UNIT         ?PR?_DELAY?MAIN
            CODE    1E5AH     0012H     UNIT         ?PR?_HALSPIWRITEREG?CC1101
BL51 BANKED LINKER/LOCATER V6.22                                                      10/22/2020  15:00:38  PAGE 3


            CODE    1E6CH     0011H     UNIT         ?PR?TIME0_INIT?MAIN
            CODE    1E7DH     0011H     UNIT         ?PR?CONNECT_RESET?SHT10
            CODE    1E8EH     0010H     UNIT         ?PR?RESET_CC1100?CC1101
            CODE    1E9EH     0010H     UNIT         ?PR?_UART1_STRING?MAIN
            CODE    1EAEH     0010H     UNIT         ?PR?_DELAY_MS?MAIN
            CODE    1EBEH     0010H     UNIT         ?PR?_DELAY_GF2?GF3658
            CODE    1ECEH     000FH     UNIT         ?PR?ADXL345_START?ADXL345
            CODE    1EDDH     000EH     UNIT         ?PR?ADXL345_SENDACK?ADXL345
            CODE    1EEBH     000EH     UNIT         ?PR?DISABLEEEPROM?STC12C5A60S2_EEPROM
            CODE    1EF9H     000DH     UNIT         ?PR?DELAY5MS?ADXL345
            CODE    1F06H     000DH     UNIT         ?PR?ADXL345_RECVACK?ADXL345
            CODE    1F13H     000DH     UNIT         ?PR?CLEAR_DATA?AM2321
            CODE    1F20H     000CH     UNIT         ?PR?ADXL345_STOP?ADXL345
            CODE    1F2CH     000BH     UNIT         ?PR?_HALSPISTROBE?CC1101
            CODE    1F37H     000AH     UNIT         ?PR?CPUINIT?CC1101
            CODE    1F41H     0009H     UNIT         ?PR?DELAY_3MS?AM2321
            CODE    1F4AH     0009H     UNIT         ?PR?DELAY_GF?GF3658
            CODE    1F53H     0007H     UNIT         ?PR?SPIINIT?CC1101
            CODE    1F5AH     0005H     UNIT         ?PR?DELAY5US?ADXL345
            CODE    1F5FH     0005H     UNIT         ?PR?DELAY_30US?AM2321
            CODE    1F64H     0005H     UNIT         ?PR?SETRXMODE?CC1101



OVERLAY MAP OF MODULE:   .\out\Sub_Modbus (ACD)


SEGMENT                                             BIT_GROUP          DATA_GROUP 
  +--> CALLED SEGMENT                            START    LENGTH     START    LENGTH
------------------------------------------------------------------------------------
?C_C51STARTUP                                    -----    -----      -----    -----
  +--> ?PR?MAIN?MAIN
  +--> ?C_INITSEG

?PR?MAIN?MAIN                                    -----    -----      -----    -----
  +--> ?PR?GF3658_INIT?GF3658
  +--> ?PR?UART1_INIT?MAIN
  +--> ?PR?INIT_ADXL345?ADXL345
  +--> ?PR?_SINGLE_READ_ADXL345?ADXL345
  +--> ?PR?_UART1_TXBYTE?MAIN
  +--> ?PR?_EEPROM_READ_N?STC12C5A60S2_EEPROM
  +--> ?CO?MAIN
  +--> ?PR?_UART1_STRING?MAIN
  +--> ?PR?_DELAY_MS?MAIN
  +--> ?PR?_EEPROM_WRITE_BYTE?STC12C5A60S2_E...
  +--> ?PR?CPUINIT?CC1101
  +--> ?PR?POWER_UP_RESET_CC1100?CC1101
  +--> ?PR?HALRFWRITERFSETTINGS?CC1101
  +--> ?PR?_HALSPIWRITEBURSTREG?CC1101
  +--> ?PR?_HALRFRECEIVEPACKET?CC1101
  +--> ?PR?READ_SENSE?MAIN
  +--> ?PR?WRITE_SENSE?MAIN
  +--> ?PR?_HALRFSENDPACKET?CC1101

?PR?INIT_ADXL345?ADXL345                         -----    -----      -----    -----
  +--> ?PR?_SINGLE_WRITE_ADXL345?ADXL345

BL51 BANKED LINKER/LOCATER V6.22                                                      10/22/2020  15:00:38  PAGE 4


?PR?_SINGLE_WRITE_ADXL345?ADXL345                -----    -----      -----    -----
  +--> ?PR?_ADXL345_SENDBYTE?ADXL345
  +--> ?PR?ADXL345_STOP?ADXL345

?PR?_ADXL345_SENDBYTE?ADXL345                    -----    -----      -----    -----
  +--> ?PR?ADXL345_START?ADXL345
  +--> ?PR?DELAY5US?ADXL345
  +--> ?PR?ADXL345_RECVACK?ADXL345

?PR?ADXL345_START?ADXL345                        -----    -----      -----    -----
  +--> ?PR?DELAY5US?ADXL345

?PR?ADXL345_RECVACK?ADXL345                      -----    -----      -----    -----
  +--> ?PR?DELAY5US?ADXL345

?PR?ADXL345_STOP?ADXL345                         -----    -----      -----    -----
  +--> ?PR?DELAY5US?ADXL345

?PR?_SINGLE_READ_ADXL345?ADXL345                 -----    -----      -----    -----
  +--> ?PR?_ADXL345_SENDBYTE?ADXL345
  +--> ?PR?ADXL345_START?ADXL345
  +--> ?PR?ADXL345_RECVBYTE?ADXL345
  +--> ?PR?ADXL345_SENDACK?ADXL345
  +--> ?PR?ADXL345_STOP?ADXL345

?PR?ADXL345_RECVBYTE?ADXL345                     -----    -----      -----    -----
  +--> ?PR?DELAY5US?ADXL345

?PR?ADXL345_SENDACK?ADXL345                      0020H.1  0000H.1    -----    -----
  +--> ?PR?DELAY5US?ADXL345

?PR?_EEPROM_READ_N?STC12C5A60S2_EEPROM           -----    -----      0010H    0006H
  +--> ?PR?DISABLEEEPROM?STC12C5A60S2_EEPROM

?PR?_UART1_STRING?MAIN                           -----    -----      -----    -----
  +--> ?PR?_UART1_TXBYTE?MAIN

?PR?_EEPROM_WRITE_BYTE?STC12C5A60S2_E...         -----    -----      0008H    0008H
  +--> ?PR?_EEPROM_READ_N?STC12C5A60S2_EEPROM
  +--> ?PR?_EEPROM_SECTORERASE?STC12C5A60S2_...
  +--> ?PR?_EEPROM_WRITE_N?STC12C5A60S2_EEPROM

?PR?_EEPROM_SECTORERASE?STC12C5A60S2_...         -----    -----      -----    -----
  +--> ?PR?DISABLEEEPROM?STC12C5A60S2_EEPROM

?PR?_EEPROM_WRITE_N?STC12C5A60S2_EEPROM          -----    -----      0010H    0006H
  +--> ?PR?DISABLEEEPROM?STC12C5A60S2_EEPROM

?PR?CPUINIT?CC1101                               -----    -----      -----    -----
  +--> ?PR?SPIINIT?CC1101
  +--> ?PR?_DELAY?CC1101

?PR?POWER_UP_RESET_CC1100?CC1101                 -----    -----      -----    -----
  +--> ?PR?_HALWAIT?CC1101
  +--> ?PR?RESET_CC1100?CC1101

?PR?RESET_CC1100?CC1101                          -----    -----      -----    -----
BL51 BANKED LINKER/LOCATER V6.22                                                      10/22/2020  15:00:38  PAGE 5


  +--> ?PR?_SPITXRXBYTE?CC1101

?PR?HALRFWRITERFSETTINGS?CC1101                  -----    -----      -----    -----
  +--> ?PR?_HALSPIWRITEREG?CC1101

?PR?_HALSPIWRITEREG?CC1101                       -----    -----      -----    -----
  +--> ?PR?_SPITXRXBYTE?CC1101

?PR?_HALSPIWRITEBURSTREG?CC1101                  -----    -----      0009H    0005H
  +--> ?PR?_SPITXRXBYTE?CC1101

?PR?_HALRFRECEIVEPACKET?CC1101                   -----    -----      0008H    0009H
  +--> ?PR?_HALSPISTROBE?CC1101
  +--> ?PR?_DELAY?CC1101
  +--> ?PR?_HALSPIREADSTATUS?CC1101
  +--> ?PR?_HALSPIREADREG?CC1101
  +--> ?PR?_HALSPIREADBURSTREG?CC1101

?PR?_HALSPISTROBE?CC1101                         -----    -----      -----    -----
  +--> ?PR?_SPITXRXBYTE?CC1101

?PR?_HALSPIREADSTATUS?CC1101                     -----    -----      -----    -----
  +--> ?PR?_SPITXRXBYTE?CC1101

?PR?_HALSPIREADREG?CC1101                        -----    -----      -----    -----
  +--> ?PR?_SPITXRXBYTE?CC1101

?PR?_HALSPIREADBURSTREG?CC1101                   -----    -----      0011H    0005H
  +--> ?PR?_SPITXRXBYTE?CC1101

?PR?READ_SENSE?MAIN                              -----    -----      -----    -----
  +--> ?PR?_CAL_CRC?CRC
  +--> ?PR?READ_SENSOR?AM2321
  +--> ?PR?_HALRFSENDPACKET?CC1101
  +--> ?PR?_UART1_TXBYTE?MAIN
  +--> ?PR?MULTIPLE_READ_ADXL345?ADXL345
  +--> ?PR?_ADC10_START?ACD
  +--> ?PR?DEAL_WHOLE?SHT10

?PR?_CAL_CRC?CRC                                 -----    -----      0008H    0006H

?PR?READ_SENSOR?AM2321                           -----    -----      -----    -----
  +--> ?PR?DELAY_3MS?AM2321
  +--> ?PR?DELAY_30US?AM2321
  +--> ?PR?READ_SENSORDATA?AM2321
  +--> ?PR?CLEAR_DATA?AM2321

?PR?READ_SENSORDATA?AM2321                       -----    -----      -----    -----
  +--> ?PR?DELAY_30US?AM2321

?PR?_HALRFSENDPACKET?CC1101                      -----    -----      0008H    0001H
  +--> ?PR?_HALSPIWRITEREG?CC1101
  +--> ?PR?_HALSPIWRITEBURSTREG?CC1101
  +--> ?PR?_HALSPISTROBE?CC1101

?PR?MULTIPLE_READ_ADXL345?ADXL345                -----    -----      -----    -----
  +--> ?PR?_ADXL345_SENDBYTE?ADXL345
BL51 BANKED LINKER/LOCATER V6.22                                                      10/22/2020  15:00:38  PAGE 6


  +--> ?PR?ADXL345_START?ADXL345
  +--> ?PR?ADXL345_RECVBYTE?ADXL345
  +--> ?PR?ADXL345_SENDACK?ADXL345
  +--> ?PR?ADXL345_STOP?ADXL345
  +--> ?PR?DELAY5MS?ADXL345

?PR?DEAL_WHOLE?SHT10                             -----    -----      -----    -----
  +--> ?PR?CONNECT_RESET?SHT10
  +--> ?PR?_MEASURE?SHT10
  +--> ?PR?GET_TEMP?SHT10
  +--> ?PR?GET_HUMI?SHT10

?PR?CONNECT_RESET?SHT10                          -----    -----      -----    -----
  +--> ?PR?TRANS_START?SHT10

?PR?_MEASURE?SHT10                               -----    -----      -----    -----
  +--> ?PR?TRANS_START?SHT10
  +--> ?PR?_WRITE_SHT?SHT10
  +--> ?PR?CONNECT_RESET?SHT10
  +--> ?PR?READ?SHT10

?PR?GET_TEMP?SHT10                               -----    -----      0008H    0008H

?PR?GET_HUMI?SHT10                               -----    -----      0008H    0008H

?PR?WRITE_SENSE?MAIN                             -----    -----      -----    -----
  +--> ?PR?_CAL_CRC?CRC
  +--> ?PR?_HALRFSENDPACKET?CC1101
  +--> ?PR?_UART1_TXBYTE?MAIN
  +--> ?CO?MAIN
  +--> ?PR?_DELAY?MAIN
  +--> ?PR?_UART1_STRING?MAIN



SYMBOL TABLE OF MODULE:  .\out\Sub_Modbus (ACD)

  VALUE           TYPE          NAME
  ----------------------------------

  -------         MODULE        ACD
  C:0000H         SYMBOL        _ICE_DUMMY_
  D:0080H         PUBLIC        P0
  D:0090H         PUBLIC        P1
  D:00A0H         PUBLIC        P2
  D:00B0H         PUBLIC        P3
  D:00A8H         PUBLIC        IE
  D:00BDH         PUBLIC        ADC_RES
  D:00B8H         PUBLIC        IP
  C:19D4H         PUBLIC        _adc10_start
  D:00D8H         PUBLIC        CCON
  D:00BCH         PUBLIC        ADC_CONTR
  D:0098H         PUBLIC        SCON
  D:0088H         PUBLIC        TCON
  D:00BEH         PUBLIC        ADC_RESL
  D:00D0H         PUBLIC        PSW
  -------         PROC          _ADC10_START
BL51 BANKED LINKER/LOCATER V6.22                                                      10/22/2020  15:00:38  PAGE 7


  D:0007H         SYMBOL        channel
  -------         DO            
  D:0004H         SYMBOL        adc
  D:0007H         SYMBOL        i
  -------         ENDDO         
  C:19D4H         LINE#         11
  C:19D4H         LINE#         12
  C:19D4H         LINE#         16
  C:19D7H         LINE#         17
  C:19D9H         LINE#         19
  C:19E2H         LINE#         20
  C:19E4H         LINE#         21
  C:19E4H         LINE#         22
  C:19E9H         LINE#         23
  C:19E9H         LINE#         24
  C:19ECH         LINE#         25
  C:19F2H         LINE#         26
  C:1A05H         LINE#         27
  C:1A07H         LINE#         28
  C:1A07H         LINE#         29
  C:1A09H         LINE#         30
  C:1A0DH         LINE#         31
  -------         ENDPROC       _ADC10_START
  -------         ENDMOD        ACD

  -------         MODULE        ADC
  C:0000H         SYMBOL        _ICE_DUMMY_
  -------         ENDMOD        ADC

  -------         MODULE        ADXL345
  C:0000H         SYMBOL        _ICE_DUMMY_
  D:0080H         PUBLIC        P0
  D:0090H         PUBLIC        P1
  D:00A0H         PUBLIC        P2
  D:00B0H         PUBLIC        P3
  C:1EDDH         PUBLIC        ADXL345_SendACK
  C:1EF9H         PUBLIC        Delay5ms
  C:1F06H         PUBLIC        ADXL345_RecvACK
  D:00A8H         PUBLIC        IE
  C:1F5AH         PUBLIC        Delay5us
  D:00B8H         PUBLIC        IP
  B:00D0H.7       PUBLIC        CY
  D:00D8H         PUBLIC        CCON
  D:0098H         PUBLIC        SCON
  D:0088H         PUBLIC        TCON
  C:1ECEH         PUBLIC        ADXL345_Start
  C:1C1DH         PUBLIC        Init_ADXL345
  C:0008H         PUBLIC        _ADXL345_SendByte
  C:1F20H         PUBLIC        ADXL345_Stop
  C:1D30H         PUBLIC        ADXL345_RecvByte
  B:0090H.3       PUBLIC        SDA
  X:02FFH         PUBLIC        BUF
  B:0090H.4       PUBLIC        SCL
  C:1CEDH         PUBLIC        _Single_Read_ADXL345
  C:1A7EH         PUBLIC        Multiple_read_ADXL345
  D:00D0H         PUBLIC        PSW
  C:1E0BH         PUBLIC        _Single_Write_ADXL345
BL51 BANKED LINKER/LOCATER V6.22                                                      10/22/2020  15:00:38  PAGE 8


  -------         PROC          DELAY5US
  -------         DO            
  D:0007H         SYMBOL        a
  -------         ENDDO         
  C:1F5AH         LINE#         13
  C:1F5AH         LINE#         14
  C:1F5AH         LINE#         16
  C:1F5EH         LINE#         19
  -------         ENDPROC       DELAY5US
  -------         PROC          DELAY5MS
  -------         DO            
  D:0005H         SYMBOL        a
  D:0006H         SYMBOL        b
  D:0007H         SYMBOL        c
  -------         ENDDO         
  C:1EF9H         LINE#         27
  C:1EF9H         LINE#         28
  C:1EF9H         LINE#         30
  C:1EFBH         LINE#         31
  C:1EFDH         LINE#         32
  C:1F05H         LINE#         33
  -------         ENDPROC       DELAY5MS
  -------         PROC          ADXL345_START
  C:1ECEH         LINE#         41
  C:1ECEH         LINE#         42
  C:1ECEH         LINE#         43
  C:1ED0H         LINE#         44
  C:1ED2H         LINE#         45
  C:1ED5H         LINE#         46
  C:1ED7H         LINE#         47
  C:1EDAH         LINE#         48
  C:1EDCH         LINE#         49
  -------         ENDPROC       ADXL345_START
  -------         PROC          ADXL345_STOP
  C:1F20H         LINE#         57
  C:1F20H         LINE#         58
  C:1F20H         LINE#         59
  C:1F22H         LINE#         60
  C:1F24H         LINE#         61
  C:1F27H         LINE#         62
  C:1F29H         LINE#         63
  -------         ENDPROC       ADXL345_STOP
  -------         PROC          ADXL345_SENDACK
  B:0020H.1       SYMBOL        ack
  C:1EDDH         LINE#         72
  C:1EDDH         LINE#         73
  C:1EDDH         LINE#         74
  C:1EE1H         LINE#         75
  C:1EE3H         LINE#         76
  C:1EE6H         LINE#         77
  C:1EE8H         LINE#         78
  -------         ENDPROC       ADXL345_SENDACK
  -------         PROC          ADXL345_RECVACK
  C:1F06H         LINE#         88
  C:1F06H         LINE#         89
  C:1F06H         LINE#         90
  C:1F08H         LINE#         91
BL51 BANKED LINKER/LOCATER V6.22                                                      10/22/2020  15:00:38  PAGE 9


  C:1F0BH         LINE#         92
  C:1F0DH         LINE#         93
  C:1F0FH         LINE#         94
  C:1F12H         LINE#         96
  C:1F12H         LINE#         97
  -------         ENDPROC       ADXL345_RECVACK
  C:0003H         SYMBOL        L?0038
  -------         PROC          L?0037
  -------         ENDPROC       L?0037
  C:0003H         SYMBOL        L?0038
  -------         PROC          _ADXL345_SENDBYTE
  D:0006H         SYMBOL        dat
  -------         DO            
  D:0005H         SYMBOL        i
  -------         ENDDO         
  C:0008H         LINE#         105
  C:000AH         LINE#         106
  C:000AH         LINE#         109
  C:000CH         LINE#         110
  C:000CH         LINE#         111
  C:0010H         LINE#         112
  C:0012H         LINE#         113
  C:0014H         LINE#         114
  C:0017H         LINE#         115
  C:0019H         LINE#         116
  C:001CH         LINE#         117
  C:0020H         LINE#         118
  -------         ENDPROC       _ADXL345_SENDBYTE
  -------         PROC          ADXL345_RECVBYTE
  -------         DO            
  D:0005H         SYMBOL        i
  D:0006H         SYMBOL        dat
  -------         ENDDO         
  C:1D30H         LINE#         127
  C:1D30H         LINE#         128
  C:1D30H         LINE#         130
  C:1D32H         LINE#         132
  C:1D34H         LINE#         133
  C:1D35H         LINE#         134
  C:1D35H         LINE#         135
  C:1D39H         LINE#         136
  C:1D3BH         LINE#         137
  C:1D3EH         LINE#         138
  C:1D44H         LINE#         139
  C:1D46H         LINE#         140
  C:1D49H         LINE#         141
  C:1D4DH         LINE#         142
  C:1D4FH         LINE#         143
  -------         ENDPROC       ADXL345_RECVBYTE
  -------         PROC          _SINGLE_WRITE_ADXL345
  D:0003H         SYMBOL        REG_Address
  D:0004H         SYMBOL        REG_data
  C:1E0BH         LINE#         151
  C:1E0FH         LINE#         152
  C:1E0FH         LINE#         153
  C:1E0FH         LINE#         154
  C:1E12H         LINE#         155
BL51 BANKED LINKER/LOCATER V6.22                                                      10/22/2020  15:00:38  PAGE 10


  C:1E17H         LINE#         156
  C:1E1CH         LINE#         157
  -------         ENDPROC       _SINGLE_WRITE_ADXL345
  -------         PROC          _SINGLE_READ_ADXL345
  D:0004H         SYMBOL        REG_Address
  -------         DO            
  D:0006H         SYMBOL        REG_data
  -------         ENDDO         
  C:1CEDH         LINE#         166
  C:1CEFH         LINE#         167
  C:1CEFH         LINE#         168
  C:1CEFH         LINE#         169
  C:1CF2H         LINE#         170
  C:1CF7H         LINE#         171
  C:1CFAH         LINE#         172
  C:1CFFH         LINE#         173
  C:1D04H         LINE#         174
  C:1D09H         LINE#         175
  C:1D0CH         LINE#         176
  C:1D0EH         LINE#         177
  -------         ENDPROC       _SINGLE_READ_ADXL345
  -------         PROC          MULTIPLE_READ_ADXL345
  -------         DO            
  D:0004H         SYMBOL        i
  -------         ENDDO         
  C:1A7EH         LINE#         186
  C:1A7EH         LINE#         187
  C:1A7EH         LINE#         188
  C:1A7EH         LINE#         189
  C:1A81H         LINE#         190
  C:1A86H         LINE#         191
  C:1A89H         LINE#         192
  C:1A8EH         LINE#         193
  C:1A90H         LINE#         194
  C:1A90H         LINE#         195
  C:1A9FH         LINE#         196
  C:1AA2H         LINE#         197
  C:1AA2H         LINE#         198
  C:1AA4H         LINE#         199
  C:1AA6H         LINE#         201
  C:1AA6H         LINE#         202
  C:1AABH         LINE#         203
  C:1AABH         LINE#         204
  C:1AAFH         LINE#         205
  C:1AB2H         LINE#         206
  -------         ENDPROC       MULTIPLE_READ_ADXL345
  -------         PROC          INIT_ADXL345
  C:1C1DH         LINE#         215
  C:1C1DH         LINE#         216
  C:1C1DH         LINE#         217
  C:1C24H         LINE#         218
  C:1C2BH         LINE#         219
  C:1C32H         LINE#         220
  C:1C39H         LINE#         221
  C:1C40H         LINE#         222
  C:1C47H         LINE#         223
  -------         ENDPROC       INIT_ADXL345
BL51 BANKED LINKER/LOCATER V6.22                                                      10/22/2020  15:00:38  PAGE 11


  -------         ENDMOD        ADXL345

  -------         MODULE        AM2321
  C:0000H         SYMBOL        _ICE_DUMMY_
  D:0080H         PUBLIC        P0
  D:0090H         PUBLIC        P1
  D:00A0H         PUBLIC        P2
  D:00B0H         PUBLIC        P3
  D:0016H         PUBLIC        Sys_CNT
  C:1F41H         PUBLIC        delay_3ms
  D:00A8H         PUBLIC        IE
  D:00B8H         PUBLIC        IP
  D:00D8H         PUBLIC        CCON
  D:0098H         PUBLIC        SCON
  D:0088H         PUBLIC        TCON
  B:0090H.1       PUBLIC        Sensor_SDA
  D:0018H         PUBLIC        Sensor_Check
  C:1F5FH         PUBLIC        delay_30us
  C:1F13H         PUBLIC        Clear_Data
  D:0019H         PUBLIC        Sensor_AnswerFlag
  C:1AB5H         PUBLIC        Read_SensorData
  X:0307H         PUBLIC        Sensor_Data
  C:17A2H         PUBLIC        Read_Sensor
  D:001AH         PUBLIC        Sensor_ErrorFlag
  D:00D0H         PUBLIC        PSW
  -------         PROC          DELAY_3MS
  -------         DO            
  D:0006H         SYMBOL        a
  D:0007H         SYMBOL        b
  -------         ENDDO         
  C:1F41H         LINE#         12
  C:1F41H         LINE#         13
  C:1F41H         LINE#         15
  C:1F43H         LINE#         16
  C:1F49H         LINE#         17
  -------         ENDPROC       DELAY_3MS
  -------         PROC          DELAY_30US
  -------         DO            
  D:0007H         SYMBOL        a
  -------         ENDDO         
  C:1F5FH         LINE#         18
  C:1F5FH         LINE#         19
  C:1F5FH         LINE#         21
  C:1F63H         LINE#         22
  -------         ENDPROC       DELAY_30US
  -------         PROC          CLEAR_DATA
  -------         DO            
  D:0006H         SYMBOL        i
  -------         ENDDO         
  C:1F13H         LINE#         24
  C:1F13H         LINE#         25
  C:1F13H         LINE#         27
  C:1F15H         LINE#         28
  C:1F15H         LINE#         29
  C:1F1FH         LINE#         30
  C:1F1FH         LINE#         31
  -------         ENDPROC       CLEAR_DATA
BL51 BANKED LINKER/LOCATER V6.22                                                      10/22/2020  15:00:38  PAGE 12


  -------         PROC          READ_SENSORDATA
  -------         DO            
  D:0004H         SYMBOL        i
  D:0003H         SYMBOL        cnt
  D:0005H         SYMBOL        buffer
  D:0006H         SYMBOL        tmp
  -------         ENDDO         
  C:1AB5H         LINE#         37
  C:1AB5H         LINE#         38
  C:1AB5H         LINE#         41
  C:1AB7H         LINE#         42
  C:1AB8H         LINE#         43
  C:1AB8H         LINE#         44
  C:1ABAH         LINE#         45
  C:1ABDH         LINE#         46
  C:1ABDH         LINE#         47
  C:1AC8H         LINE#         48
  C:1AC8H         LINE#         49
  C:1AC8H         LINE#         50
  C:1AC8H         LINE#         53
  C:1ACBH         LINE#         56
  C:1ACDH         LINE#         57
  C:1AD0H         LINE#         58
  C:1AD0H         LINE#         59
  C:1AD1H         LINE#         60
  C:1AD1H         LINE#         61
  C:1AD3H         LINE#         62
  C:1AD6H         LINE#         63
  C:1AD6H         LINE#         64
  C:1ADDH         LINE#         65
  C:1ADDH         LINE#         66
  C:1ADDH         LINE#         67
  C:1ADDH         LINE#         69
  C:1AE1H         LINE#         70
  C:1AE4H         LINE#         71
  C:1AE8H         LINE#         72
  C:1AEAH         LINE#         73
  -------         ENDPROC       READ_SENSORDATA
  -------         PROC          READ_SENSOR
  -------         DO            
  D:0002H         SYMBOL        i
  -------         ENDDO         
  C:17A2H         LINE#         78
  C:17A2H         LINE#         79
  C:17A2H         LINE#         84
  C:17A4H         LINE#         86
  C:17A7H         LINE#         89
  C:17A9H         LINE#         91
  C:17ACH         LINE#         94
  C:17AFH         LINE#         99
  C:17B2H         LINE#         100
  C:17B2H         LINE#         102
  C:17B5H         LINE#         103
  C:17B9H         LINE#         105
  C:17BCH         LINE#         106
  C:17BCH         LINE#         107
  C:17CDH         LINE#         108
BL51 BANKED LINKER/LOCATER V6.22                                                      10/22/2020  15:00:38  PAGE 13


  C:17CDH         LINE#         109
  C:17CDH         LINE#         110
  C:17CFH         LINE#         111
  C:17CFH         LINE#         112
  C:17CFH         LINE#         113
  C:17D4H         LINE#         115
  C:17D7H         LINE#         116
  C:17D7H         LINE#         117
  C:17E8H         LINE#         118
  C:17E8H         LINE#         119
  C:17EBH         LINE#         120
  C:17EEH         LINE#         121
  C:17EEH         LINE#         122
  C:17EEH         LINE#         126
  C:17F0H         LINE#         127
  C:17F0H         LINE#         128
  C:17FFH         LINE#         129
  C:1803H         LINE#         130
  C:1819H         LINE#         131
  C:181FH         LINE#         132
  C:181FH         LINE#         133
  C:1822H         LINE#         134
  C:1822H         LINE#         135
  C:1824H         LINE#         137
  C:1824H         LINE#         138
  C:1827H         LINE#         139
  C:1827H         LINE#         140
  C:1829H         LINE#         141
  -------         ENDPROC       READ_SENSOR
  -------         ENDMOD        AM2321

  -------         MODULE        CC1101
  C:0000H         SYMBOL        _ICE_DUMMY_
  D:0080H         PUBLIC        P0
  D:0090H         PUBLIC        P1
  D:00A0H         PUBLIC        P2
  D:00B0H         PUBLIC        P3
  C:1E1FH         PUBLIC        _halSpiReadReg
  B:00B0H.6       PUBLIC        GDO0
  D:00A8H         PUBLIC        IE
  C:1379H         PUBLIC        halRfWriteRfSettings
  C:0F70H         SYMBOL        _delay
  C:1E5AH         PUBLIC        _halSpiWriteReg
  C:15DFH         PUBLIC        _halRfReceivePacket
  C:1AEBH         PUBLIC        _halSpiReadBurstReg
  D:00B8H         PUBLIC        IP
  C:1F64H         PUBLIC        setRxMode
  D:00D8H         PUBLIC        CCON
  C:1D6FH         PUBLIC        POWER_UP_RESET_CC1100
  C:1BEBH         PUBLIC        _halSpiWriteBurstReg
  C:1E8EH         PUBLIC        RESET_CC1100
  D:0050H         PUBLIC        rfSettings
  D:0098H         PUBLIC        SCON
  D:0088H         PUBLIC        TCON
  B:0090H.5       PUBLIC        MOSI
  B:0090H.6       PUBLIC        MISO
  C:1F37H         PUBLIC        CpuInit
BL51 BANKED LINKER/LOCATER V6.22                                                      10/22/2020  15:00:38  PAGE 14


  C:1F53H         PUBLIC        SpiInit
  C:1DABH         PUBLIC        _halWait
  C:1F2CH         PUBLIC        _halSpiStrobe
  C:1D50H         PUBLIC        _halRfSendPacket
  C:1C4EH         PUBLIC        _SpiTxRxByte
  B:0090H.7       PUBLIC        SCK
  B:00B0H.5       PUBLIC        CSN
  C:1E33H         PUBLIC        _halSpiReadStatus
  D:00D0H         PUBLIC        PSW
  -------         PROC          _DELAY
  D:0006H         SYMBOL        s
  -------         DO            
  D:0004H         SYMBOL        i
  -------         ENDDO         
  C:0F70H         LINE#         94
  C:0F70H         LINE#         95
  C:0F70H         LINE#         97
  C:0F81H         LINE#         98
  C:0F92H         LINE#         99
  C:0FA3H         LINE#         100
  C:0FB4H         LINE#         101
  C:0FC5H         LINE#         102
  C:0FD6H         LINE#         103
  C:0FE7H         LINE#         104
  C:0FF8H         LINE#         105
  C:1009H         LINE#         106
  C:101AH         LINE#         107
  C:102BH         LINE#         108
  C:103CH         LINE#         109
  C:104DH         LINE#         110
  C:105EH         LINE#         111
  C:106FH         LINE#         112
  C:1080H         LINE#         113
  C:1091H         LINE#         114
  C:10A2H         LINE#         115
  C:10B3H         LINE#         116
  C:10C4H         LINE#         117
  C:10D5H         LINE#         118
  C:10E6H         LINE#         119
  C:10F7H         LINE#         120
  C:1108H         LINE#         121
  C:1119H         LINE#         122
  C:112AH         LINE#         123
  -------         ENDPROC       _DELAY
  -------         PROC          _HALWAIT
  D:0006H         SYMBOL        timeout
  C:1DABH         LINE#         126
  C:1DABH         LINE#         127
  C:1DABH         LINE#         128
  C:1DACH         LINE#         129
  C:1DADH         LINE#         130
  C:1DAEH         LINE#         131
  C:1DAFH         LINE#         132
  C:1DB0H         LINE#         133
  C:1DB1H         LINE#         134
  C:1DB2H         LINE#         135
  C:1DB3H         LINE#         136
BL51 BANKED LINKER/LOCATER V6.22                                                      10/22/2020  15:00:38  PAGE 15


  C:1DB4H         LINE#         137
  C:1DB5H         LINE#         138
  C:1DB6H         LINE#         139
  C:1DB7H         LINE#         140
  C:1DB8H         LINE#         141
  C:1DB9H         LINE#         142
  C:1DBAH         LINE#         144
  C:1DC3H         LINE#         145
  -------         ENDPROC       _HALWAIT
  -------         PROC          SPIINIT
  C:1F53H         LINE#         148
  C:1F53H         LINE#         149
  C:1F53H         LINE#         150
  C:1F55H         LINE#         151
  C:1F57H         LINE#         153
  C:1F59H         LINE#         154
  -------         ENDPROC       SPIINIT
  -------         PROC          CPUINIT
  C:1F37H         LINE#         162
  C:1F37H         LINE#         163
  C:1F37H         LINE#         164
  C:1F3AH         LINE#         165
  -------         ENDPROC       CPUINIT
  -------         PROC          _SPITXRXBYTE
  D:0007H         SYMBOL        dat
  -------         DO            
  D:0005H         SYMBOL        i
  D:0006H         SYMBOL        temp
  -------         ENDDO         
  C:1C4EH         LINE#         175
  C:1C4EH         LINE#         176
  C:1C4EH         LINE#         178
  C:1C50H         LINE#         180
  C:1C52H         LINE#         181
  C:1C53H         LINE#         182
  C:1C53H         LINE#         183
  C:1C57H         LINE#         184
  C:1C57H         LINE#         185
  C:1C59H         LINE#         186
  C:1C5BH         LINE#         187
  C:1C5DH         LINE#         188
  C:1C61H         LINE#         190
  C:1C63H         LINE#         191
  C:1C64H         LINE#         192
  C:1C65H         LINE#         193
  C:1C69H         LINE#         194
  C:1C6DH         LINE#         195
  C:1C6FH         LINE#         196
  C:1C70H         LINE#         197
  C:1C71H         LINE#         198
  C:1C75H         LINE#         199
  C:1C77H         LINE#         200
  -------         ENDPROC       _SPITXRXBYTE
  -------         PROC          RESET_CC1100
  C:1E8EH         LINE#         208
  C:1E8EH         LINE#         209
  C:1E8EH         LINE#         210
BL51 BANKED LINKER/LOCATER V6.22                                                      10/22/2020  15:00:38  PAGE 16


  C:1E90H         LINE#         211
  C:1E93H         LINE#         212
  C:1E98H         LINE#         213
  C:1E9BH         LINE#         214
  C:1E9DH         LINE#         215
  -------         ENDPROC       RESET_CC1100
  -------         PROC          POWER_UP_RESET_CC1100
  C:1D6FH         LINE#         223
  C:1D6FH         LINE#         224
  C:1D6FH         LINE#         225
  C:1D71H         LINE#         226
  C:1D78H         LINE#         227
  C:1D7AH         LINE#         228
  C:1D81H         LINE#         229
  C:1D83H         LINE#         230
  C:1D8AH         LINE#         231
  -------         ENDPROC       POWER_UP_RESET_CC1100
  -------         PROC          _HALSPIWRITEREG
  D:0007H         SYMBOL        addr
  D:0004H         SYMBOL        value
  C:1E5AH         LINE#         240
  C:1E5CH         LINE#         241
  C:1E5CH         LINE#         242
  C:1E5EH         LINE#         243
  C:1E61H         LINE#         244
  C:1E64H         LINE#         245
  C:1E69H         LINE#         246
  C:1E6BH         LINE#         247
  -------         ENDPROC       _HALSPIWRITEREG
  -------         PROC          _HALSPIWRITEBURSTREG
  D:0007H         SYMBOL        addr
  D:000AH         SYMBOL        buffer
  D:000DH         SYMBOL        count
  -------         DO            
  D:0004H         SYMBOL        i
  D:0007H         SYMBOL        temp
  -------         ENDDO         
  C:1BEBH         LINE#         255
  C:1BF1H         LINE#         256
  C:1BF1H         LINE#         258
  C:1BF5H         LINE#         259
  C:1BF7H         LINE#         260
  C:1BFAH         LINE#         261
  C:1BFDH         LINE#         262
  C:1C05H         LINE#         263
  C:1C05H         LINE#         264
  C:1C17H         LINE#         265
  C:1C1AH         LINE#         266
  C:1C1CH         LINE#         267
  -------         ENDPROC       _HALSPIWRITEBURSTREG
  -------         PROC          _HALSPISTROBE
  D:0007H         SYMBOL        strobe
  C:1F2CH         LINE#         275
  C:1F2CH         LINE#         276
  C:1F2CH         LINE#         277
  C:1F2EH         LINE#         278
  C:1F31H         LINE#         279
BL51 BANKED LINKER/LOCATER V6.22                                                      10/22/2020  15:00:38  PAGE 17


  C:1F34H         LINE#         280
  C:1F36H         LINE#         281
  -------         ENDPROC       _HALSPISTROBE
  -------         PROC          _HALSPIREADREG
  D:0007H         SYMBOL        addr
  -------         DO            
  D:0007H         SYMBOL        temp
  D:0007H         SYMBOL        value
  -------         ENDDO         
  C:1E1FH         LINE#         293
  C:1E1FH         LINE#         294
  C:1E1FH         LINE#         296
  C:1E23H         LINE#         297
  C:1E25H         LINE#         298
  C:1E28H         LINE#         299
  C:1E2BH         LINE#         300
  C:1E30H         LINE#         301
  C:1E32H         LINE#         302
  C:1E32H         LINE#         303
  -------         ENDPROC       _HALSPIREADREG
  -------         PROC          _HALSPIREADBURSTREG
  D:0007H         SYMBOL        addr
  D:0012H         SYMBOL        buffer
  D:0015H         SYMBOL        count
  -------         DO            
  D:0004H         SYMBOL        i
  D:0007H         SYMBOL        temp
  -------         ENDDO         
  C:1AEBH         LINE#         312
  C:1AF1H         LINE#         313
  C:1AF1H         LINE#         315
  C:1AF5H         LINE#         316
  C:1AF7H         LINE#         317
  C:1AFAH         LINE#         318
  C:1AFDH         LINE#         319
  C:1B05H         LINE#         320
  C:1B05H         LINE#         321
  C:1B19H         LINE#         322
  C:1B1CH         LINE#         323
  C:1B1EH         LINE#         324
  -------         ENDPROC       _HALSPIREADBURSTREG
  -------         PROC          _HALSPIREADSTATUS
  D:0007H         SYMBOL        addr
  -------         DO            
  D:0007H         SYMBOL        value
  D:0007H         SYMBOL        temp
  -------         ENDDO         
  C:1E33H         LINE#         333
  C:1E33H         LINE#         334
  C:1E33H         LINE#         336
  C:1E37H         LINE#         337
  C:1E39H         LINE#         338
  C:1E3CH         LINE#         339
  C:1E3FH         LINE#         340
  C:1E44H         LINE#         341
  C:1E46H         LINE#         342
  C:1E46H         LINE#         343
BL51 BANKED LINKER/LOCATER V6.22                                                      10/22/2020  15:00:38  PAGE 18


  -------         ENDPROC       _HALSPIREADSTATUS
  -------         PROC          HALRFWRITERFSETTINGS
  C:1379H         LINE#         350
  C:1379H         LINE#         351
  C:1379H         LINE#         353
  C:1380H         LINE#         355
  C:1387H         LINE#         356
  C:138EH         LINE#         357
  C:1395H         LINE#         358
  C:139CH         LINE#         359
  C:13A3H         LINE#         360
  C:13AAH         LINE#         361
  C:13B1H         LINE#         362
  C:13B8H         LINE#         363
  C:13BFH         LINE#         364
  C:13C6H         LINE#         365
  C:13CDH         LINE#         366
  C:13D4H         LINE#         367
  C:13DBH         LINE#         368
  C:13E2H         LINE#         369
  C:13E9H         LINE#         370
  C:13F0H         LINE#         371
  C:13F7H         LINE#         372
  C:13FEH         LINE#         373
  C:1405H         LINE#         374
  C:140CH         LINE#         375
  C:1413H         LINE#         376
  C:141AH         LINE#         377
  C:1421H         LINE#         378
  C:1428H         LINE#         379
  C:142FH         LINE#         380
  C:1436H         LINE#         381
  C:143DH         LINE#         382
  C:1444H         LINE#         383
  C:144BH         LINE#         384
  C:1452H         LINE#         385
  C:1459H         LINE#         386
  C:1460H         LINE#         387
  C:1467H         LINE#         388
  -------         ENDPROC       HALRFWRITERFSETTINGS
  -------         PROC          _HALRFSENDPACKET
  D:0001H         SYMBOL        txBuffer
  D:0008H         SYMBOL        size
  C:1D50H         LINE#         398
  C:1D52H         LINE#         399
  C:1D52H         LINE#         400
  C:1D57H         LINE#         401
  C:1D5FH         LINE#         403
  C:1D64H         LINE#         406
  C:1D67H         LINE#         408
  C:1D6AH         LINE#         409
  -------         ENDPROC       _HALRFSENDPACKET
  -------         PROC          SETRXMODE
  C:1F64H         LINE#         413
  C:1F64H         LINE#         414
  C:1F64H         LINE#         415
  -------         ENDPROC       SETRXMODE
BL51 BANKED LINKER/LOCATER V6.22                                                      10/22/2020  15:00:38  PAGE 19


  -------         PROC          _HALRFRECEIVEPACKET
  D:0008H         SYMBOL        rxBuffer
  D:000BH         SYMBOL        length
  -------         DO            
  D:000EH         SYMBOL        status
  D:0010H         SYMBOL        packetLength
  D:0003H         SYMBOL        i
  -------         ENDDO         
  C:15DFH         LINE#         417
  C:15E5H         LINE#         418
  C:15E5H         LINE#         421
  C:15F3H         LINE#         423
  C:15F8H         LINE#         424
  C:15FFH         LINE#         425
  C:1602H         LINE#         426
  C:1602H         LINE#         427
  C:1609H         LINE#         428
  C:160AH         LINE#         429
  C:1610H         LINE#         430
  C:1613H         LINE#         431
  C:1613H         LINE#         432
  C:161DH         LINE#         433
  C:161DH         LINE#         434
  C:1624H         LINE#         435
  C:1634H         LINE#         436
  C:1634H         LINE#         437
  C:1642H         LINE#         438
  C:164DH         LINE#         441
  C:165BH         LINE#         442
  C:1660H         LINE#         443
  C:1666H         LINE#         444
  C:1666H         LINE#         446
  C:1666H         LINE#         447
  C:1671H         LINE#         448
  C:1676H         LINE#         449
  C:1679H         LINE#         450
  C:1679H         LINE#         451
  C:1679H         LINE#         453
  C:167BH         LINE#         454
  -------         ENDPROC       _HALRFRECEIVEPACKET
  -------         ENDMOD        CC1101

  -------         MODULE        CRC
  C:0000H         SYMBOL        _ICE_DUMMY_
  D:0080H         PUBLIC        P0
  D:0090H         PUBLIC        P1
  D:00A0H         PUBLIC        P2
  D:00B0H         PUBLIC        P3
  D:00A8H         PUBLIC        IE
  D:00B8H         PUBLIC        IP
  D:00D8H         PUBLIC        CCON
  D:0098H         PUBLIC        SCON
  D:0088H         PUBLIC        TCON
  C:1892H         PUBLIC        _cal_crc
  D:00D0H         PUBLIC        PSW
  -------         PROC          _CAL_CRC
  D:0008H         SYMBOL        snd
BL51 BANKED LINKER/LOCATER V6.22                                                      10/22/2020  15:00:38  PAGE 20


  D:000BH         SYMBOL        num
  -------         DO            
  D:0005H         SYMBOL        i
  D:0004H         SYMBOL        j
  D:0006H         SYMBOL        c
  D:000CH         SYMBOL        crc
  -------         ENDDO         
  C:1892H         LINE#         103
  C:189AH         LINE#         105
  C:189AH         LINE#         109
  C:18A0H         LINE#         111
  C:18A8H         LINE#         113
  C:18A8H         LINE#         115
  C:18B6H         LINE#         117
  C:18B9H         LINE#         119
  C:18BAH         LINE#         121
  C:18BAH         LINE#         123
  C:18BFH         LINE#         125
  C:18BFH         LINE#         127
  C:18CAH         LINE#         129
  C:18D0H         LINE#         131
  C:18D2H         LINE#         133
  C:18DDH         LINE#         135
  C:18E1H         LINE#         137
  C:18E4H         LINE#         139
  C:18E8H         LINE#         140
  -------         ENDPROC       _CAL_CRC
  -------         ENDMOD        CRC

  -------         MODULE        MAIN
  C:0000H         SYMBOL        _ICE_DUMMY_
  D:0092H         PUBLIC        P1M0
  D:0021H         PUBLIC        leng_w
  D:0080H         PUBLIC        P0
  D:0022H         PUBLIC        T0_flag
  D:0090H         PUBLIC        P1
  D:00A0H         PUBLIC        P2
  D:00B0H         PUBLIC        P3
  C:1C78H         PUBLIC        zhudong
  B:00A8H.7       PUBLIC        EA
  C:1DDDH         PUBLIC        uart1_init
  D:00A8H         PUBLIC        IE
  D:0024H         PUBLIC        devid
  B:0090H.0       PUBLIC        P1_0
  C:1E01H         PUBLIC        _Uart1_TxByte
  B:0090H.1       PUBLIC        shuchu
  X:0000H         PUBLIC        mbus_buffer
  B:00A8H.4       PUBLIC        ES
  D:00B8H         PUBLIC        IP
  X:00FFH         PUBLIC        RX1_Buffer
  D:0025H         PUBLIC        Crc_return_data
  B:0098H.0       PUBLIC        RI
  D:0027H         PUBLIC        flag
  D:0028H         PUBLIC        PaTabel
  B:0098H.1       PUBLIC        TI
  D:00D8H         PUBLIC        CCON
  C:0BE5H         PUBLIC        main
BL51 BANKED LINKER/LOCATER V6.22                                                      10/22/2020  15:00:38  PAGE 21


  D:0030H         PUBLIC        uart1_rd
  D:0031H         PUBLIC        leng
  C:1E9EH         PUBLIC        _Uart1_String
  D:00BCH         PUBLIC        ADC_CONTR
  D:0099H         PUBLIC        SBUF
  D:0087H         PUBLIC        PCON
  D:0098H         PUBLIC        SCON
  D:0089H         PUBLIC        TMOD
  D:0088H         PUBLIC        TCON
  B:0090H.1       PUBLIC        Sensor_SDA
  X:01FEH         PUBLIC        Crc_buf
  D:0032H         PUBLIC        uart1_wr
  C:1A0EH         PUBLIC        UART1_RCV
  B:0020H.0       PUBLIC        B_TI
  D:008EH         PUBLIC        AUXR
  D:008CH         PUBLIC        TH0
  D:0033H         PUBLIC        flag1
  D:0034H         PUBLIC        flag2
  D:0035H         PUBLIC        flag3
  D:008AH         PUBLIC        TL0
  C:1EAEH         PUBLIC        _delay_ms
  B:0088H.4       PUBLIC        TR0
  C:1E6CH         PUBLIC        Time0_init
  D:009DH         PUBLIC        P1ASF
  C:0026H         PUBLIC        Read_Sense
  X:0200H         PUBLIC        mbus_Sendbuf
  D:0036H         PUBLIC        i
  D:009CH         PUBLIC        BRT
  D:0037H         PUBLIC        temp1
  D:0038H         PUBLIC        j
  D:003AH         PUBLIC        temp2
  D:003BH         PUBLIC        temp3
  D:003CH         PUBLIC        TxBuf
  C:112BH         PUBLIC        Write_Sense
  C:1E50H         PUBLIC        _Delay
  C:19D0H         PUBLIC        B_Rotation
  D:00D0H         PUBLIC        PSW
  C:19CCH         PUBLIC        F_Rotation
  -------         PROC          MAIN
  C:0BE5H         LINE#         54
  C:0BE5H         LINE#         55
  C:0BE5H         LINE#         57
  C:0BE7H         LINE#         58
  C:0BEAH         LINE#         59
  C:0BEDH         LINE#         61
  C:0BF0H         LINE#         62
  C:0BF7H         LINE#         63
  C:0BFAH         LINE#         65
  C:0BFDH         LINE#         67
  C:0C0CH         LINE#         68
  C:0C13H         LINE#         74
  C:0C19H         LINE#         75
  C:0C1FH         LINE#         76
  C:0C23H         LINE#         78
  C:0C2AH         LINE#         79
  C:0C2AH         LINE#         80
  C:0C31H         LINE#         81
BL51 BANKED LINKER/LOCATER V6.22                                                      10/22/2020  15:00:38  PAGE 22


  C:0C31H         LINE#         82
  C:0C34H         LINE#         83
  C:0C34H         LINE#         84
  C:0C39H         LINE#         85
  C:0C39H         LINE#         86
  C:0C3EH         LINE#         87
  C:0C41H         LINE#         88
  C:0C43H         LINE#         89
  C:0C53H         LINE#         90
  C:0C53H         LINE#         91
  C:0C55H         LINE#         92
  C:0C55H         LINE#         93
  C:0C6FH         LINE#         94
  C:0C8FH         LINE#         95
  C:0CA9H         LINE#         96
  C:0CB2H         LINE#         97
  C:0CBAH         LINE#         98
  C:0CBEH         LINE#         99
  C:0CC1H         LINE#         100
  C:0CC1H         LINE#         101
  C:0CC4H         LINE#         102
  C:0CCDH         LINE#         103
  C:0CCDH         LINE#         104
  C:0CE0H         LINE#         105
  C:0CE0H         LINE#         106
  C:0CE8H         LINE#         107
  C:0CECH         LINE#         108
  C:0CEFH         LINE#         109
  C:0CEFH         LINE#         110
  C:0D09H         LINE#         111
  C:0D10H         LINE#         112
  C:0D1DH         LINE#         113
  C:0D1DH         LINE#         114
  C:0D20H         LINE#         115
  C:0D24H         LINE#         116
  C:0D24H         LINE#         119
  C:0D24H         LINE#         121
  C:0D24H         LINE#         122
  C:0D2BH         LINE#         123
  C:0D2BH         LINE#         124
  C:0D2EH         LINE#         125
  C:0D31H         LINE#         126
  C:0D34H         LINE#         127
  C:0D42H         LINE#         128
  C:0D42H         LINE#         131
  C:0D49H         LINE#         133
  C:0D49H         LINE#         134
  C:0D49H         LINE#         207
  C:0D4CH         LINE#         208
  C:0D57H         LINE#         209
  C:0D57H         LINE#         211
  C:0D5AH         LINE#         212
  C:0D71H         LINE#         213
  C:0D71H         LINE#         215
  C:0D76H         LINE#         216
  C:0D82H         LINE#         217
  C:0D82H         LINE#         218
BL51 BANKED LINKER/LOCATER V6.22                                                      10/22/2020  15:00:38  PAGE 23


  C:0D87H         LINE#         219
  C:0D87H         LINE#         221
  C:0D8AH         LINE#         222
  C:0D8AH         LINE#         223
  C:0D91H         LINE#         224
  C:0D91H         LINE#         225
  C:0D96H         LINE#         226
  C:0D99H         LINE#         227
  C:0D99H         LINE#         228
  C:0D99H         LINE#         230
  C:0DA6H         LINE#         231
  C:0DA6H         LINE#         232
  C:0DA8H         LINE#         233
  C:0DA8H         LINE#         234
  C:0DC2H         LINE#         235
  C:0DDCH         LINE#         236
  C:0DFCH         LINE#         237
  C:0E05H         LINE#         238
  C:0E0BH         LINE#         239
  C:0E16H         LINE#         241
  C:0E16H         LINE#         243
  C:0E23H         LINE#         244
  C:0E23H         LINE#         245
  C:0E25H         LINE#         246
  C:0E25H         LINE#         247
  C:0E3FH         LINE#         248
  C:0E46H         LINE#         249
  C:0E4CH         LINE#         251
  C:0E57H         LINE#         252
  C:0E57H         LINE#         254
  C:0E57H         LINE#         257
  C:0E57H         LINE#         259
  C:0E60H         LINE#         260
  C:0E60H         LINE#         261
  C:0E65H         LINE#         262
  C:0E68H         LINE#         263
  C:0E6AH         LINE#         264
  C:0E76H         LINE#         265
  C:0E76H         LINE#         266
  C:0E7BH         LINE#         267
  C:0E7BH         LINE#         269
  C:0E7EH         LINE#         271
  C:0E7EH         LINE#         272
  C:0E85H         LINE#         273
  C:0E85H         LINE#         274
  C:0E8CH         LINE#         275
  C:0E8FH         LINE#         277
  C:0E8FH         LINE#         278
  C:0E8FH         LINE#         279
  C:0E9FH         LINE#         280
  C:0E9FH         LINE#         281
  C:0EA1H         LINE#         282
  C:0EA1H         LINE#         283
  C:0EBBH         LINE#         284
  C:0EDBH         LINE#         285
  C:0EF5H         LINE#         286
  C:0EFEH         LINE#         287
BL51 BANKED LINKER/LOCATER V6.22                                                      10/22/2020  15:00:38  PAGE 24


  C:0F06H         LINE#         288
  C:0F0AH         LINE#         289
  C:0F0DH         LINE#         290
  C:0F0DH         LINE#         291
  C:0F10H         LINE#         292
  C:0F19H         LINE#         293
  C:0F19H         LINE#         294
  C:0F2CH         LINE#         295
  C:0F2CH         LINE#         296
  C:0F34H         LINE#         297
  C:0F38H         LINE#         298
  C:0F3BH         LINE#         299
  C:0F3BH         LINE#         300
  C:0F55H         LINE#         301
  C:0F5CH         LINE#         302
  C:0F69H         LINE#         303
  C:0F69H         LINE#         304
  C:0F6CH         LINE#         305
  -------         ENDPROC       MAIN
  -------         PROC          WRITE_SENSE
  C:112BH         LINE#         313
  C:112BH         LINE#         314
  C:112BH         LINE#         316
  C:1133H         LINE#         317
  C:1141H         LINE#         318
  C:1147H         LINE#         319
  C:114AH         LINE#         322
  C:1175H         LINE#         323
  C:1175H         LINE#         326
  C:117DH         LINE#         327
  C:117DH         LINE#         329
  C:1185H         LINE#         330
  C:118DH         LINE#         331
  C:1195H         LINE#         332
  C:119CH         LINE#         333
  C:119CH         LINE#         334
  C:11A7H         LINE#         335
  C:11A9H         LINE#         337
  C:11A9H         LINE#         338
  C:11ACH         LINE#         339
  C:11ACH         LINE#         340
  C:11B8H         LINE#         341
  C:11C1H         LINE#         342
  C:11C1H         LINE#         344
  C:11C1H         LINE#         346
  C:11CCH         LINE#         347
  C:11CCH         LINE#         348
  C:11CFH         LINE#         353
  C:11D7H         LINE#         354
  C:11D7H         LINE#         355
  C:11EAH         LINE#         356
  C:11EAH         LINE#         357
  C:11EDH         LINE#         358
  C:11EDH         LINE#         360
  C:11F0H         LINE#         361
  C:11F3H         LINE#         362
  C:11FAH         LINE#         363
BL51 BANKED LINKER/LOCATER V6.22                                                      10/22/2020  15:00:38  PAGE 25


  C:1203H         LINE#         364
  C:120DH         LINE#         365
  C:120DH         LINE#         369
  C:1215H         LINE#         370
  C:1215H         LINE#         371
  C:1228H         LINE#         372
  C:1228H         LINE#         373
  C:122BH         LINE#         374
  C:122BH         LINE#         375
  C:122EH         LINE#         376
  C:1231H         LINE#         377
  C:1238H         LINE#         379
  C:1241H         LINE#         380
  C:124BH         LINE#         381
  C:124BH         LINE#         383
  C:124EH         LINE#         389
  C:124EH         LINE#         393
  C:1256H         LINE#         394
  C:1256H         LINE#         395
  C:125DH         LINE#         396
  C:1260H         LINE#         397
  C:1267H         LINE#         398
  C:1267H         LINE#         399
  C:126EH         LINE#         400
  C:1270H         LINE#         402
  C:1271H         LINE#         404
  C:1271H         LINE#         405
  C:1278H         LINE#         406
  C:127AH         LINE#         407
  C:127AH         LINE#         408
  C:127AH         LINE#         417
  C:127AH         LINE#         418
  -------         ENDPROC       WRITE_SENSE
  -------         PROC          ZHUDONG
  C:1C78H         LINE#         421
  C:1C78H         LINE#         422
  C:1C78H         LINE#         423
  C:1C7FH         LINE#         424
  C:1C7FH         LINE#         425
  C:1C88H         LINE#         426
  C:1C88H         LINE#         427
  C:1C8BH         LINE#         428
  C:1C8BH         LINE#         430
  C:1C8BH         LINE#         431
  C:1C8BH         LINE#         432
  C:1C93H         LINE#         433
  C:1C9BH         LINE#         435
  C:1C9EH         LINE#         440
  C:1CA0H         LINE#         441
  C:1CA0H         LINE#         442
  -------         ENDPROC       ZHUDONG
  -------         PROC          READ_SENSE
  C:0026H         LINE#         444
  C:0026H         LINE#         445
  C:0026H         LINE#         446
  C:0035H         LINE#         447
  C:003BH         LINE#         448
BL51 BANKED LINKER/LOCATER V6.22                                                      10/22/2020  15:00:38  PAGE 26


  C:003EH         LINE#         449
  C:0057H         LINE#         450
  C:0057H         LINE#         452
  C:0062H         LINE#         453
  C:0062H         LINE#         454
  C:0065H         LINE#         455
  C:0076H         LINE#         456
  C:0079H         LINE#         457
  C:0079H         LINE#         458
  C:0093H         LINE#         459
  C:009AH         LINE#         460
  C:00A2H         LINE#         461
  C:00A6H         LINE#         463
  C:00B5H         LINE#         464
  C:00BBH         LINE#         465
  C:00BEH         LINE#         466
  C:00C2H         LINE#         467
  C:00CAH         LINE#         468
  C:00D1H         LINE#         469
  C:00D1H         LINE#         470
  C:00DCH         LINE#         471
  C:00DEH         LINE#         473
  C:00DEH         LINE#         474
  C:00E1H         LINE#         475
  C:00E1H         LINE#         476
  C:00E4H         LINE#         477
  C:00EDH         LINE#         478
  C:00EDH         LINE#         479
  C:00EDH         LINE#         481
  C:00F8H         LINE#         482
  C:00F8H         LINE#         483
  C:0101H         LINE#         484
  C:0101H         LINE#         485
  C:0110H         LINE#         486
  C:0113H         LINE#         487
  C:0116H         LINE#         488
  C:0116H         LINE#         489
  C:0130H         LINE#         490
  C:0137H         LINE#         491
  C:013FH         LINE#         492
  C:0143H         LINE#         495
  C:0152H         LINE#         496
  C:0158H         LINE#         497
  C:015BH         LINE#         498
  C:015FH         LINE#         499
  C:0167H         LINE#         500
  C:016EH         LINE#         501
  C:016EH         LINE#         502
  C:0179H         LINE#         503
  C:017BH         LINE#         505
  C:017BH         LINE#         506
  C:017EH         LINE#         507
  C:017EH         LINE#         508
  C:0181H         LINE#         509
  C:018AH         LINE#         510
  C:018AH         LINE#         511
  C:018AH         LINE#         513
BL51 BANKED LINKER/LOCATER V6.22                                                      10/22/2020  15:00:38  PAGE 27


  C:018AH         LINE#         515
  C:0192H         LINE#         516
  C:0192H         LINE#         517
  C:0196H         LINE#         518
  C:0198H         LINE#         519
  C:01A9H         LINE#         520
  C:01ACH         LINE#         521
  C:01ACH         LINE#         522
  C:01B2H         LINE#         523
  C:01B2H         LINE#         524
  C:01BAH         LINE#         525
  C:01BEH         LINE#         528
  C:01CDH         LINE#         529
  C:01D3H         LINE#         530
  C:01D6H         LINE#         531
  C:01DAH         LINE#         532
  C:01E2H         LINE#         533
  C:01E9H         LINE#         534
  C:01E9H         LINE#         535
  C:01F4H         LINE#         536
  C:01F6H         LINE#         538
  C:01F6H         LINE#         539
  C:01F9H         LINE#         540
  C:01F9H         LINE#         541
  C:01FCH         LINE#         542
  C:0205H         LINE#         543
  C:0205H         LINE#         544
  C:0205H         LINE#         546
  C:020DH         LINE#         547
  C:020DH         LINE#         549
  C:0210H         LINE#         550
  C:0219H         LINE#         551
  C:022AH         LINE#         552
  C:022EH         LINE#         553
  C:0232H         LINE#         555
  C:023AH         LINE#         556
  C:023EH         LINE#         559
  C:024DH         LINE#         560
  C:0253H         LINE#         561
  C:0256H         LINE#         562
  C:025AH         LINE#         563
  C:0262H         LINE#         564
  C:0269H         LINE#         565
  C:0269H         LINE#         566
  C:0274H         LINE#         567
  C:0276H         LINE#         569
  C:0276H         LINE#         570
  C:0279H         LINE#         571
  C:0279H         LINE#         572
  C:027CH         LINE#         573
  C:0285H         LINE#         574
  C:0285H         LINE#         575
  C:0285H         LINE#         577
  C:028DH         LINE#         578
  C:028DH         LINE#         580
  C:0290H         LINE#         581
  C:0298H         LINE#         582
BL51 BANKED LINKER/LOCATER V6.22                                                      10/22/2020  15:00:38  PAGE 28


  C:02A9H         LINE#         583
  C:02ADH         LINE#         584
  C:02B1H         LINE#         586
  C:02B9H         LINE#         587
  C:02BDH         LINE#         590
  C:02CCH         LINE#         591
  C:02D2H         LINE#         592
  C:02D5H         LINE#         593
  C:02D9H         LINE#         594
  C:02E1H         LINE#         595
  C:02E8H         LINE#         596
  C:02E8H         LINE#         597
  C:02F3H         LINE#         598
  C:02F5H         LINE#         600
  C:02F5H         LINE#         601
  C:02F8H         LINE#         602
  C:02F8H         LINE#         603
  C:02FBH         LINE#         604
  C:0304H         LINE#         605
  C:0304H         LINE#         606
  C:0304H         LINE#         608
  C:030CH         LINE#         609
  C:030CH         LINE#         611
  C:030FH         LINE#         612
  C:0318H         LINE#         613
  C:0329H         LINE#         614
  C:032DH         LINE#         615
  C:0331H         LINE#         617
  C:0339H         LINE#         618
  C:033DH         LINE#         621
  C:034CH         LINE#         622
  C:0352H         LINE#         623
  C:0355H         LINE#         624
  C:0359H         LINE#         625
  C:0361H         LINE#         626
  C:0368H         LINE#         627
  C:0368H         LINE#         628
  C:0373H         LINE#         629
  C:0375H         LINE#         631
  C:0375H         LINE#         632
  C:0378H         LINE#         633
  C:0378H         LINE#         634
  C:037BH         LINE#         635
  C:0384H         LINE#         636
  C:0384H         LINE#         637
  C:0384H         LINE#         639
  C:038CH         LINE#         640
  C:038CH         LINE#         642
  C:038FH         LINE#         643
  C:0398H         LINE#         645
  C:03A0H         LINE#         646
  C:03A4H         LINE#         648
  C:03B5H         LINE#         649
  C:03B9H         LINE#         650
  C:03BDH         LINE#         652
  C:03CCH         LINE#         653
  C:03D2H         LINE#         654
BL51 BANKED LINKER/LOCATER V6.22                                                      10/22/2020  15:00:38  PAGE 29


  C:03D5H         LINE#         655
  C:03D9H         LINE#         656
  C:03E1H         LINE#         657
  C:03E8H         LINE#         658
  C:03E8H         LINE#         659
  C:03F3H         LINE#         660
  C:03F5H         LINE#         662
  C:03F5H         LINE#         663
  C:03F8H         LINE#         664
  C:03F8H         LINE#         665
  C:03FBH         LINE#         666
  C:0404H         LINE#         667
  C:0404H         LINE#         668
  C:0404H         LINE#         670
  C:040CH         LINE#         671
  C:040CH         LINE#         672
  C:040FH         LINE#         673
  C:0413H         LINE#         674
  C:0413H         LINE#         675
  C:0416H         LINE#         676
  C:0416H         LINE#         677
  C:0419H         LINE#         678
  C:0421H         LINE#         679
  C:0425H         LINE#         680
  C:0436H         LINE#         682
  C:0439H         LINE#         683
  C:043CH         LINE#         684
  C:044AH         LINE#         685
  C:0450H         LINE#         686
  C:0453H         LINE#         687
  C:0457H         LINE#         688
  C:045FH         LINE#         689
  C:0466H         LINE#         690
  C:0466H         LINE#         691
  C:0471H         LINE#         692
  C:0473H         LINE#         694
  C:0473H         LINE#         695
  C:047DH         LINE#         696
  C:047DH         LINE#         697
  C:0480H         LINE#         698
  C:0484H         LINE#         699
  C:0484H         LINE#         700
  C:0484H         LINE#         703
  C:0484H         LINE#         704
  C:0484H         LINE#         707
  C:048CH         LINE#         708
  C:048CH         LINE#         710
  C:048FH         LINE#         711
  C:0498H         LINE#         712
  C:04A9H         LINE#         713
  C:04ADH         LINE#         714
  C:04B1H         LINE#         716
  C:04B9H         LINE#         717
  C:04BDH         LINE#         720
  C:04CCH         LINE#         721
  C:04D2H         LINE#         722
  C:04D5H         LINE#         723
BL51 BANKED LINKER/LOCATER V6.22                                                      10/22/2020  15:00:38  PAGE 30


  C:04D9H         LINE#         724
  C:04E1H         LINE#         725
  C:04E8H         LINE#         726
  C:04E8H         LINE#         727
  C:04F3H         LINE#         728
  C:04F5H         LINE#         730
  C:04F5H         LINE#         731
  C:04F8H         LINE#         732
  C:04F8H         LINE#         733
  C:04FBH         LINE#         734
  C:0504H         LINE#         735
  C:0504H         LINE#         736
  C:0504H         LINE#         738
  C:050CH         LINE#         739
  C:050CH         LINE#         740
  C:051BH         LINE#         741
  C:051EH         LINE#         742
  C:0520H         LINE#         743
  C:0523H         LINE#         744
  C:0523H         LINE#         745
  C:0525H         LINE#         746
  C:0525H         LINE#         747
  C:052DH         LINE#         748
  C:0531H         LINE#         751
  C:0540H         LINE#         752
  C:0546H         LINE#         753
  C:0549H         LINE#         754
  C:054DH         LINE#         755
  C:0555H         LINE#         756
  C:055CH         LINE#         757
  C:055CH         LINE#         758
  C:0567H         LINE#         759
  C:0569H         LINE#         761
  C:0569H         LINE#         762
  C:056CH         LINE#         763
  C:056CH         LINE#         764
  C:056FH         LINE#         765
  C:0578H         LINE#         766
  C:0578H         LINE#         767
  C:0578H         LINE#         769
  C:0580H         LINE#         770
  C:0580H         LINE#         771
  C:058FH         LINE#         772
  C:0592H         LINE#         773
  C:0594H         LINE#         774
  C:0597H         LINE#         775
  C:0597H         LINE#         776
  C:0599H         LINE#         777
  C:0599H         LINE#         778
  C:05A1H         LINE#         779
  C:05A5H         LINE#         782
  C:05B4H         LINE#         783
  C:05BAH         LINE#         784
  C:05BDH         LINE#         785
  C:05C1H         LINE#         786
  C:05C9H         LINE#         787
  C:05D0H         LINE#         788
BL51 BANKED LINKER/LOCATER V6.22                                                      10/22/2020  15:00:38  PAGE 31


  C:05D0H         LINE#         789
  C:05DBH         LINE#         790
  C:05DDH         LINE#         792
  C:05DDH         LINE#         793
  C:05E0H         LINE#         794
  C:05E0H         LINE#         795
  C:05E3H         LINE#         796
  C:05ECH         LINE#         797
  C:05ECH         LINE#         798
  C:05ECH         LINE#         800
  C:05F4H         LINE#         801
  C:05F4H         LINE#         802
  C:0603H         LINE#         803
  C:0606H         LINE#         804
  C:060AH         LINE#         805
  C:060AH         LINE#         807
  C:060DH         LINE#         808
  C:060DH         LINE#         809
  C:0610H         LINE#         810
  C:0618H         LINE#         811
  C:061CH         LINE#         814
  C:0621H         LINE#         815
  C:0624H         LINE#         816
  C:0632H         LINE#         817
  C:0638H         LINE#         818
  C:063BH         LINE#         819
  C:063FH         LINE#         820
  C:0647H         LINE#         821
  C:064EH         LINE#         822
  C:064EH         LINE#         823
  C:0659H         LINE#         824
  C:065BH         LINE#         826
  C:065BH         LINE#         827
  C:0665H         LINE#         828
  C:0665H         LINE#         829
  C:0668H         LINE#         830
  C:066CH         LINE#         831
  C:066CH         LINE#         832
  C:066CH         LINE#         835
  C:066CH         LINE#         836
  C:066CH         LINE#         845
  C:0674H         LINE#         846
  C:0674H         LINE#         848
  C:0677H         LINE#         849
  C:0680H         LINE#         850
  C:0691H         LINE#         851
  C:0695H         LINE#         852
  C:0699H         LINE#         854
  C:06A1H         LINE#         855
  C:06A5H         LINE#         858
  C:06B4H         LINE#         859
  C:06BAH         LINE#         860
  C:06BDH         LINE#         861
  C:06C1H         LINE#         862
  C:06C9H         LINE#         863
  C:06D0H         LINE#         864
  C:06D0H         LINE#         865
BL51 BANKED LINKER/LOCATER V6.22                                                      10/22/2020  15:00:38  PAGE 32


  C:06DBH         LINE#         866
  C:06DDH         LINE#         868
  C:06DDH         LINE#         869
  C:06E0H         LINE#         870
  C:06E0H         LINE#         871
  C:06E3H         LINE#         872
  C:06ECH         LINE#         873
  C:06ECH         LINE#         874
  C:06ECH         LINE#         888
  C:06F7H         LINE#         889
  C:06F7H         LINE#         890
  C:06FAH         LINE#         892
  C:070BH         LINE#         893
  C:071BH         LINE#         894
  C:072BH         LINE#         895
  C:0733H         LINE#         896
  C:0737H         LINE#         899
  C:0746H         LINE#         900
  C:074CH         LINE#         901
  C:074FH         LINE#         902
  C:0753H         LINE#         903
  C:075BH         LINE#         904
  C:0762H         LINE#         905
  C:0762H         LINE#         906
  C:076DH         LINE#         907
  C:076DH         LINE#         909
  C:076DH         LINE#         910
  C:0770H         LINE#         911
  C:0770H         LINE#         912
  C:0773H         LINE#         913
  C:077CH         LINE#         914
  C:077CH         LINE#         915
  C:077CH         LINE#         922
  C:077CH         LINE#         924
  -------         ENDPROC       READ_SENSE
  -------         PROC          UART1_INIT
  C:1DDDH         LINE#         931
  C:1DDDH         LINE#         932
  C:1DDDH         LINE#         933
  C:1DE0H         LINE#         934
  C:1DE3H         LINE#         935
  C:1DE6H         LINE#         936
  C:1DE9H         LINE#         937
  C:1DECH         LINE#         938
  C:1DEFH         LINE#         940
  C:1DF1H         LINE#         941
  C:1DF3H         LINE#         942
  -------         ENDPROC       UART1_INIT
  C:1DF4H         SYMBOL        L?0213
  C:1DFDH         SYMBOL        L?0214
  -------         PROC          L?0212
  -------         ENDPROC       L?0212
  C:1DF4H         SYMBOL        L?0213
  C:1DFDH         SYMBOL        L?0214
  -------         PROC          _UART1_TXBYTE
  D:0007H         SYMBOL        dat
  C:1E01H         LINE#         944
BL51 BANKED LINKER/LOCATER V6.22                                                      10/22/2020  15:00:38  PAGE 33


  C:1E01H         LINE#         945
  C:1E01H         LINE#         946
  C:1E03H         LINE#         947
  C:1E05H         LINE#         948
  C:1E08H         LINE#         949
  C:1E0AH         LINE#         950
  -------         ENDPROC       _UART1_TXBYTE
  -------         PROC          _UART1_STRING
  D:0082H         SYMBOL        puts
  C:1E9EH         LINE#         952
  C:1EA2H         LINE#         953
  C:1EA2H         LINE#         954
  C:1EA7H         LINE#         955
  C:1EA7H         LINE#         956
  C:1EAAH         LINE#         958
  C:1EADH         LINE#         959
  -------         ENDPROC       _UART1_STRING
  -------         PROC          UART1_RCV
  C:1A0EH         LINE#         963
  C:1A1BH         LINE#         965
  C:1A1EH         LINE#         966
  C:1A1EH         LINE#         967
  C:1A20H         LINE#         968
  C:1A31H         LINE#         969
  C:1A34H         LINE#         970
  C:1A34H         LINE#         972
  C:1A37H         LINE#         973
  C:1A37H         LINE#         974
  C:1A39H         LINE#         975
  C:1A3BH         LINE#         976
  C:1A3BH         LINE#         977
  -------         ENDPROC       UART1_RCV
  -------         PROC          TIME0_INIT
  C:1E6CH         LINE#         979
  C:1E6CH         LINE#         980
  C:1E6CH         LINE#         981
  C:1E6FH         LINE#         982
  C:1E72H         LINE#         983
  C:1E75H         LINE#         984
  C:1E78H         LINE#         985
  C:1E7AH         LINE#         987
  C:1E7CH         LINE#         988
  -------         ENDPROC       TIME0_INIT
  -------         PROC          _DELAY_MS
  D:0007H         SYMBOL        ms
  -------         DO            
  D:0004H         SYMBOL        i
  -------         ENDDO         
  C:1EAEH         LINE#         1002
  C:1EAEH         LINE#         1003
  C:1EAEH         LINE#         1005
  C:1EAEH         LINE#         1006
  C:1EB2H         LINE#         1007
  C:1EBBH         LINE#         1008
  C:1EBDH         LINE#         1009
  -------         ENDPROC       _DELAY_MS
  -------         PROC          L?0215
BL51 BANKED LINKER/LOCATER V6.22                                                      10/22/2020  15:00:38  PAGE 34


  -------         ENDPROC       L?0215
  -------         PROC          _DELAY
  D:0006H         SYMBOL        i
  C:1E50H         LINE#         1011
  C:1E50H         LINE#         1012
  C:1E50H         LINE#         1013
  C:1E59H         LINE#         1014
  -------         ENDPROC       _DELAY
  -------         ENDMOD        MAIN

  -------         MODULE        STC12C5A60S2_EEPROM
  C:0000H         SYMBOL        _ICE_DUMMY_
  D:0080H         PUBLIC        P0
  D:0090H         PUBLIC        P1
  D:00A0H         PUBLIC        P2
  D:00B0H         PUBLIC        P3
  C:1EEBH         PUBLIC        DisableEEPROM
  D:00C6H         PUBLIC        ISP_TRIG
  B:00A8H.7       PUBLIC        EA
  D:00A8H         PUBLIC        IE
  C:1D8DH         PUBLIC        _EEPROM_SectorErase
  C:1B1FH         PUBLIC        _EEPROM_read_n
  D:00B8H         PUBLIC        IP
  D:00C5H         PUBLIC        ISP_CMD
  D:00D8H         PUBLIC        CCON
  C:1B52H         PUBLIC        _EEPROM_write_n
  D:00C3H         PUBLIC        ISP_ADDRH
  D:0098H         PUBLIC        SCON
  D:0088H         PUBLIC        TCON
  D:00C4H         PUBLIC        ISP_ADDRL
  D:00C7H         PUBLIC        ISP_CONTR
  D:00C2H         PUBLIC        ISP_DATA
  C:1A46H         PUBLIC        _EEPROM_write_byte
  D:00D0H         PUBLIC        PSW
  -------         PROC          DISABLEEEPROM
  C:1EEBH         LINE#         110
  C:1EEBH         LINE#         111
  C:1EEBH         LINE#         112
  C:1EEEH         LINE#         113
  C:1EF0H         LINE#         114
  C:1EF2H         LINE#         115
  C:1EF5H         LINE#         116
  C:1EF8H         LINE#         117
  -------         ENDPROC       DISABLEEEPROM
  -------         PROC          _EEPROM_READ_N
  D:0004H         SYMBOL        EE_address
  D:0001H         SYMBOL        DataAddress
  D:0015H         SYMBOL        lenth
  C:1B1FH         LINE#         121
  C:1B23H         LINE#         122
  C:1B23H         LINE#         123
  C:1B25H         LINE#         124
  C:1B28H         LINE#         125
  C:1B2BH         LINE#         127
  C:1B2BH         LINE#         128
  C:1B2DH         LINE#         129
  C:1B31H         LINE#         130
BL51 BANKED LINKER/LOCATER V6.22                                                      10/22/2020  15:00:38  PAGE 35


  C:1B37H         LINE#         131
  C:1B38H         LINE#         132
  C:1B3DH         LINE#         133
  C:1B42H         LINE#         134
  C:1B49H         LINE#         135
  C:1B4CH         LINE#         137
  C:1B4FH         LINE#         138
  C:1B51H         LINE#         139
  -------         ENDPROC       _EEPROM_READ_N
  -------         PROC          _EEPROM_SECTORERASE
  D:0004H         SYMBOL        EE_address
  C:1D8DH         LINE#         142
  C:1D91H         LINE#         143
  C:1D91H         LINE#         144
  C:1D93H         LINE#         147
  C:1D95H         LINE#         148
  C:1D99H         LINE#         149
  C:1D9CH         LINE#         150
  C:1D9FH         LINE#         151
  C:1DA5H         LINE#         152
  C:1DA8H         LINE#         153
  C:1DAAH         LINE#         154
  -------         ENDPROC       _EEPROM_SECTORERASE
  -------         PROC          _EEPROM_WRITE_N
  D:0004H         SYMBOL        EE_address
  D:0001H         SYMBOL        DataAddress
  D:0015H         SYMBOL        lenth
  C:1B52H         LINE#         157
  C:1B56H         LINE#         158
  C:1B56H         LINE#         159
  C:1B58H         LINE#         160
  C:1B5BH         LINE#         161
  C:1B5EH         LINE#         163
  C:1B5EH         LINE#         164
[...]
  C:1983H         LINE#         52
  C:1985H         LINE#         53
  C:1987H         LINE#         54
  C:1989H         LINE#         55
  C:198BH         LINE#         56
  C:198DH         LINE#         57
  -------         ENDPROC       _GF3658_DATA
  -------         PROC          _GF3658_DISPLAY
  D:0007H         SYMBOL        data2
  C:167CH         LINE#         60
  C:167CH         LINE#         61
  C:167CH         LINE#         62
  C:16AAH         LINE#         63
  C:16AAH         LINE#         64
  C:16AAH         LINE#         65
  C:16ACH         LINE#         66
  C:16AEH         LINE#         67
  C:16B0H         LINE#         68
  C:16B2H         LINE#         69
  C:16B4H         LINE#         70
  C:16B6H         LINE#         71
  C:16B8H         LINE#         72
  C:16B9H         LINE#         73
  C:16B9H         LINE#         74
  C:16BBH         LINE#         75
  C:16BBH         LINE#         76
  C:16BBH         LINE#         77
  C:16BBH         LINE#         78
BL51 BANKED LINKER/LOCATER V6.22                                                      10/22/2020  15:00:38  PAGE 38


  C:16BBH         LINE#         79
  C:16BBH         LINE#         80
  C:16BBH         LINE#         81
  C:16BDH         LINE#         82
  C:16BDH         LINE#         83
  C:16BFH         LINE#         84
  C:16C1H         LINE#         85
  C:16C3H         LINE#         86
  C:16C5H         LINE#         87
  C:16C7H         LINE#         88
  C:16C7H         LINE#         89
  C:16C7H         LINE#         90
  C:16C9H         LINE#         91
  C:16C9H         LINE#         92
  C:16CBH         LINE#         93
  C:16CDH         LINE#         94
  C:16CFH         LINE#         95
  C:16D1H         LINE#         96
  C:16D3H         LINE#         97
  C:16D5H         LINE#         98
  C:16D7H         LINE#         99
  C:16D8H         LINE#         100
  C:16D8H         LINE#         101
  C:16DAH         LINE#         102
  C:16DAH         LINE#         103
  C:16DAH         LINE#         104
  C:16DAH         LINE#         105
  C:16DAH         LINE#         106
  C:16DAH         LINE#         107
  C:16DAH         LINE#         108
  C:16DCH         LINE#         109
  C:16DCH         LINE#         110
  C:16DEH         LINE#         111
  C:16E0H         LINE#         112
  C:16E2H         LINE#         113
  C:16E4H         LINE#         114
  C:16E4H         LINE#         115
  C:16E4H         LINE#         116
  C:16E4H         LINE#         117
  C:16E6H         LINE#         118
  C:16E6H         LINE#         119
  C:16E8H         LINE#         120
  C:16EAH         LINE#         121
  C:16EAH         LINE#         122
  C:16EAH         LINE#         123
  C:16EAH         LINE#         124
  C:16EAH         LINE#         125
  C:16EAH         LINE#         126
  C:16ECH         LINE#         127
  C:16ECH         LINE#         128
  C:16EEH         LINE#         129
  C:16F0H         LINE#         130
  C:16F2H         LINE#         131
  C:16F4H         LINE#         132
  C:16F6H         LINE#         133
  C:16F8H         LINE#         134
  C:16FAH         LINE#         135
BL51 BANKED LINKER/LOCATER V6.22                                                      10/22/2020  15:00:38  PAGE 39


  C:16FBH         LINE#         136
  C:16FBH         LINE#         137
  C:16FDH         LINE#         138
  C:16FFH         LINE#         139
  C:1701H         LINE#         140
  C:1703H         LINE#         141
  C:1705H         LINE#         142
  C:1705H         LINE#         143
  C:1705H         LINE#         144
  C:1707H         LINE#         145
  C:1707H         LINE#         146
  C:1709H         LINE#         147
  C:170BH         LINE#         148
  C:170DH         LINE#         149
  C:170FH         LINE#         150
  C:1711H         LINE#         151
  C:1713H         LINE#         152
  C:1715H         LINE#         153
  C:1715H         LINE#         155
  C:1715H         LINE#         156
  -------         ENDPROC       _GF3658_DISPLAY
  -------         PROC          _GF3658_MAP
  D:0007H         SYMBOL        map
  C:127BH         LINE#         158
  C:127BH         LINE#         159
  C:127BH         LINE#         160
  C:127DH         LINE#         161
  C:127FH         LINE#         162
  C:12C1H         LINE#         163
  C:12C1H         LINE#         164
  C:12C1H         LINE#         165
  C:12C3H         LINE#         166
  C:12C5H         LINE#         167
  C:12CAH         LINE#         168
  C:12CCH         LINE#         169
  C:12CEH         LINE#         170
  C:12CFH         LINE#         171
  C:12CFH         LINE#         172
  C:12D1H         LINE#         173
  C:12D3H         LINE#         174
  C:12D8H         LINE#         175
  C:12DAH         LINE#         176
  C:12DCH         LINE#         177
  C:12DDH         LINE#         178
  C:12DDH         LINE#         179
  C:12DFH         LINE#         180
  C:12E1H         LINE#         181
  C:12E6H         LINE#         182
  C:12E8H         LINE#         183
  C:12EAH         LINE#         184
  C:12EBH         LINE#         185
  C:12EBH         LINE#         186
  C:12EDH         LINE#         187
  C:12EFH         LINE#         188
  C:12F4H         LINE#         189
  C:12F6H         LINE#         190
  C:12F8H         LINE#         191
BL51 BANKED LINKER/LOCATER V6.22                                                      10/22/2020  15:00:38  PAGE 40


  C:12F9H         LINE#         192
  C:12F9H         LINE#         193
  C:12FBH         LINE#         194
  C:12FDH         LINE#         195
  C:1302H         LINE#         196
  C:1304H         LINE#         197
  C:1306H         LINE#         198
  C:1307H         LINE#         199
  C:1307H         LINE#         200
  C:1309H         LINE#         201
  C:130BH         LINE#         202
  C:1310H         LINE#         203
  C:1312H         LINE#         204
  C:1314H         LINE#         205
  C:1315H         LINE#         206
  C:1315H         LINE#         207
  C:1317H         LINE#         208
  C:1319H         LINE#         209
  C:131EH         LINE#         210
  C:1320H         LINE#         211
  C:1322H         LINE#         212
  C:1323H         LINE#         213
  C:1323H         LINE#         214
  C:1325H         LINE#         215
  C:1327H         LINE#         216
  C:132CH         LINE#         217
  C:132EH         LINE#         218
  C:1330H         LINE#         219
  C:1331H         LINE#         220
  C:1331H         LINE#         221
  C:1333H         LINE#         222
  C:1335H         LINE#         223
  C:1338H         LINE#         224
  C:133AH         LINE#         225
  C:133CH         LINE#         226
  C:133DH         LINE#         227
  C:133DH         LINE#         228
  C:133FH         LINE#         229
  C:1341H         LINE#         230
  C:1344H         LINE#         231
  C:1346H         LINE#         232
  C:1348H         LINE#         233
  C:1349H         LINE#         234
  C:1349H         LINE#         235
  C:134BH         LINE#         236
  C:134DH         LINE#         237
  C:1350H         LINE#         238
  C:1352H         LINE#         239
  C:1354H         LINE#         240
  C:1355H         LINE#         241
  C:1355H         LINE#         242
  C:1357H         LINE#         243
  C:1359H         LINE#         244
  C:135CH         LINE#         245
  C:135EH         LINE#         246
  C:1360H         LINE#         247
  C:1361H         LINE#         248
BL51 BANKED LINKER/LOCATER V6.22                                                      10/22/2020  15:00:38  PAGE 41


  C:1361H         LINE#         249
  C:1363H         LINE#         250
  C:1365H         LINE#         251
  C:1368H         LINE#         252
  C:136AH         LINE#         253
  C:136CH         LINE#         254
  C:136DH         LINE#         255
  C:136DH         LINE#         256
  C:136FH         LINE#         257
  C:1371H         LINE#         258
  C:1374H         LINE#         259
  C:1376H         LINE#         260
  C:1378H         LINE#         261
  C:1378H         LINE#         264
  C:1378H         LINE#         265
  -------         ENDPROC       _GF3658_MAP
  -------         PROC          GF3658
  C:1CA1H         LINE#         267
  C:1CA1H         LINE#         268
  C:1CA1H         LINE#         269
  C:1CA3H         LINE#         270
  C:1CA5H         LINE#         271
  C:1CAAH         LINE#         272
  C:1CACH         LINE#         273
  C:1CB1H         LINE#         274
  C:1CB3H         LINE#         275
  C:1CB8H         LINE#         276
  C:1CBAH         LINE#         277
  C:1CBFH         LINE#         278
  C:1CC1H         LINE#         279
  C:1CC3H         LINE#         280
  C:1CC5H         LINE#         281
  C:1CC7H         LINE#         282
  C:1CC9H         LINE#         283
  -------         ENDPROC       GF3658
  -------         PROC          DELAY_GF
  -------         DO            
  D:0007H         SYMBOL        a
  -------         ENDDO         
  C:1F4AH         LINE#         286
  C:1F4AH         LINE#         287
  C:1F4AH         LINE#         289
  C:1F4EH         LINE#         290
  C:1F52H         LINE#         293
  -------         ENDPROC       DELAY_GF
  -------         PROC          _DELAY_GF2
  D:0006H         SYMBOL        n
  -------         DO            
  D:0005H         SYMBOL        i
  -------         ENDDO         
  C:1EBEH         LINE#         295
  C:1EC0H         LINE#         296
  C:1EC0H         LINE#         298
  C:1EC7H         LINE#         299
  C:1EC7H         LINE#         300
  C:1ECAH         LINE#         301
  C:1ECDH         LINE#         302
BL51 BANKED LINKER/LOCATER V6.22                                                      10/22/2020  15:00:38  PAGE 42


  -------         ENDPROC       _DELAY_GF2
  -------         ENDMOD        GF3658

  -------         MODULE        SHT10
  C:0000H         SYMBOL        _ICE_DUMMY_
  C:1B85H         PUBLIC        _write_SHT
  D:0092H         PUBLIC        P1M0
  D:0096H         PUBLIC        P2M0
  D:0080H         PUBLIC        P0
  D:0090H         PUBLIC        P1
  D:00A0H         PUBLIC        P2
  D:00B0H         PUBLIC        P3
  D:00A8H         PUBLIC        IE
  B:00A0H.6       PUBLIC        SCK1
  D:00B8H         PUBLIC        IP
  C:1CCAH         PUBLIC        deal_whole
  C:18E9H         PUBLIC        read
  D:00D8H         PUBLIC        CCON
  D:0073H         PUBLIC        error
  D:0074H         PUBLIC        ack
  D:0098H         PUBLIC        SCON
  D:0088H         PUBLIC        TCON
  C:1DC4H         PUBLIC        trans_start
  D:0075H         PUBLIC        humi_disp
  D:0079H         PUBLIC        temp_disp
  B:0090H.0       PUBLIC        DATA1
  C:1532H         PUBLIC        get_humi
  C:146EH         PUBLIC        get_temp
  D:007DH         PUBLIC        temp_H
  D:007EH         PUBLIC        temp_L
  C:1E7DH         PUBLIC        connect_reset
  C:1BB8H         PUBLIC        _measure
  D:00D0H         PUBLIC        PSW
  -------         PROC          READ
  -------         DO            
  D:0006H         SYMBOL        i
  D:0007H         SYMBOL        val
  -------         ENDDO         
  C:18E9H         LINE#         24
  C:18E9H         LINE#         25
  C:18E9H         LINE#         26
  C:18EBH         LINE#         27
  C:18EDH         LINE#         28
  C:18EFH         LINE#         30
  C:18F1H         LINE#         32
  C:18F9H         LINE#         33
  C:18F9H         LINE#         34
  C:18FBH         LINE#         35
  C:1901H         LINE#         36
  C:1903H         LINE#         37
  C:1909H         LINE#         39
  C:190BH         LINE#         40
  C:190DH         LINE#         41
  C:1910H         LINE#         42
  C:1912H         LINE#         43
  C:1914H         LINE#         44
  C:1916H         LINE#         45
BL51 BANKED LINKER/LOCATER V6.22                                                      10/22/2020  15:00:38  PAGE 43


  C:1918H         LINE#         48
  C:191AH         LINE#         49
  C:1922H         LINE#         50
  C:1922H         LINE#         51
  C:1924H         LINE#         52
  C:192AH         LINE#         53
  C:192CH         LINE#         54
  C:1932H         LINE#         55
  C:1934H         LINE#         56
  C:1936H         LINE#         57
  C:1939H         LINE#         58
  C:193BH         LINE#         59
  C:193DH         LINE#         60
  C:193FH         LINE#         61
  -------         ENDPROC       READ
  -------         PROC          _WRITE_SHT
  D:0007H         SYMBOL        value
  -------         DO            
  D:0006H         SYMBOL        i
  -------         ENDDO         
  C:1B85H         LINE#         75
  C:1B85H         LINE#         76
  C:1B85H         LINE#         78
  C:1B88H         LINE#         79
  C:1B90H         LINE#         80
  C:1B90H         LINE#         81
  C:1B98H         LINE#         82
  C:1B9AH         LINE#         83
  C:1B9CH         LINE#         84
  C:1B9FH         LINE#         85
  C:1BA1H         LINE#         86
  C:1BA7H         LINE#         87
  C:1BA9H         LINE#         88
  C:1BABH         LINE#         89
  C:1BB1H         LINE#         90
  C:1BB3H         LINE#         91
  C:1BB5H         LINE#         92
  C:1BB7H         LINE#         93
  -------         ENDPROC       _WRITE_SHT
  -------         PROC          TRANS_START
  C:1DC4H         LINE#         105
  C:1DC4H         LINE#         106
  C:1DC4H         LINE#         107
  C:1DC6H         LINE#         108
  C:1DC8H         LINE#         109
  C:1DC9H         LINE#         110
  C:1DCBH         LINE#         111
  C:1DCCH         LINE#         112
  C:1DCEH         LINE#         113
  C:1DCFH         LINE#         114
  C:1DD1H         LINE#         115
  C:1DD2H         LINE#         116
  C:1DD3H         LINE#         117
  C:1DD4H         LINE#         118
  C:1DD6H         LINE#         119
  C:1DD7H         LINE#         120
  C:1DD9H         LINE#         121
BL51 BANKED LINKER/LOCATER V6.22                                                      10/22/2020  15:00:38  PAGE 44


  C:1DDAH         LINE#         122
  C:1DDCH         LINE#         123
  -------         ENDPROC       TRANS_START
  -------         PROC          CONNECT_RESET
  -------         DO            
  D:0007H         SYMBOL        i
  -------         ENDDO         
  C:1E7DH         LINE#         133
  C:1E7DH         LINE#         134
  C:1E7DH         LINE#         136
  C:1E7FH         LINE#         137
  C:1E81H         LINE#         138
  C:1E83H         LINE#         139
  C:1E83H         LINE#         140
  C:1E85H         LINE#         141
  C:1E87H         LINE#         142
  C:1E8BH         LINE#         143
  -------         ENDPROC       CONNECT_RESET
  -------         PROC          _MEASURE
  D:0005H         SYMBOL        cmd
  -------         DO            
  D:0082H         SYMBOL        i
  -------         ENDDO         
  C:1BB8H         LINE#         150
  C:1BBAH         LINE#         151
  C:1BBAH         LINE#         153
  C:1BBDH         LINE#         154
  C:1BC0H         LINE#         156
  C:1BC4H         LINE#         157
  C:1BC4H         LINE#         158
  C:1BC7H         LINE#         159
  C:1BCCH         LINE#         160
  C:1BCCH         LINE#         162
  C:1BE2H         LINE#         163
  C:1BE2H         LINE#         164
  C:1BE5H         LINE#         166
  C:1BE5H         LINE#         168
  C:1BE5H         LINE#         169
  C:1BE8H         LINE#         170
  -------         ENDPROC       _MEASURE
  -------         PROC          GET_TEMP
  -------         DO            
  D:0008H         SYMBOL        a
  D:000CH         SYMBOL        temp_zi
  -------         ENDDO         
  C:146EH         LINE#         177
  C:146EH         LINE#         178
  C:146EH         LINE#         179
  C:1477H         LINE#         183
  C:14A7H         LINE#         184
  C:14CCH         LINE#         186
  C:14E7H         LINE#         187
  C:150AH         LINE#         189
  C:1516H         LINE#         190
  C:1531H         LINE#         191
  -------         ENDPROC       GET_TEMP
  -------         PROC          GET_HUMI
BL51 BANKED LINKER/LOCATER V6.22                                                      10/22/2020  15:00:38  PAGE 45


  -------         DO            
  D:0008H         SYMBOL        a
  D:000CH         SYMBOL        b
  D:0004H         SYMBOL        humi_zi
  -------         ENDDO         
  C:1532H         LINE#         198
  C:1532H         LINE#         199
  C:1532H         LINE#         200
  C:1543H         LINE#         201
  C:1573H         LINE#         202
  C:15C3H         LINE#         203
  C:15CBH         LINE#         204
  C:15DEH         LINE#         205
  -------         ENDPROC       GET_HUMI
  -------         PROC          DEAL_WHOLE
  C:1CCAH         LINE#         212
  C:1CCAH         LINE#         213
  C:1CCAH         LINE#         214
  C:1CCDH         LINE#         215
  C:1CCFH         LINE#         217
  C:1CD1H         LINE#         218
  C:1CD3H         LINE#         220
  C:1CD6H         LINE#         221
  C:1CDBH         LINE#         223
  C:1CDEH         LINE#         224
  C:1CE3H         LINE#         226
  C:1CE6H         LINE#         231
  C:1CE9H         LINE#         232
  C:1CECH         LINE#         233
  -------         ENDPROC       DEAL_WHOLE
  -------         ENDMOD        SHT10

  -------         MODULE        ?C?FPADD
  C:0784H         PUBLIC        ?C?FPADD
  C:0780H         PUBLIC        ?C?FPSUB
  -------         ENDMOD        ?C?FPADD

  -------         MODULE        ?C?FPMUL
  C:0875H         PUBLIC        ?C?FPMUL
  -------         ENDMOD        ?C?FPMUL

  -------         MODULE        ?C?FPDIV
  C:097EH         PUBLIC        ?C?FPDIV
  -------         ENDMOD        ?C?FPDIV

  -------         MODULE        ?C?FPCMP
  C:0A1DH         PUBLIC        ?C?FPCMP
  C:0A1BH         PUBLIC        ?C?FPCMP3
  -------         ENDMOD        ?C?FPCMP

  -------         MODULE        ?C?FCAST
  C:0A92H         PUBLIC        ?C?FCASTC
  C:0A8DH         PUBLIC        ?C?FCASTI
  C:0A88H         PUBLIC        ?C?FCASTL
  -------         ENDMOD        ?C?FCAST

  -------         MODULE        ?C?CASTF
BL51 BANKED LINKER/LOCATER V6.22                                                      10/22/2020  15:00:38  PAGE 46


  C:0AC6H         PUBLIC        ?C?CASTF
  -------         ENDMOD        ?C?CASTF

  -------         MODULE        ?C?CLDPTR
  C:0B47H         PUBLIC        ?C?CLDPTR
  -------         ENDMOD        ?C?CLDPTR

  -------         MODULE        ?C?CLDOPTR
  C:0B60H         PUBLIC        ?C?CLDOPTR
  -------         ENDMOD        ?C?CLDOPTR

  -------         MODULE        ?C?CSTPTR
  C:0B8DH         PUBLIC        ?C?CSTPTR
  -------         ENDMOD        ?C?CSTPTR

  -------         MODULE        ?C?CSTOPTR
  C:0B9FH         PUBLIC        ?C?CSTOPTR
  -------         ENDMOD        ?C?CSTOPTR

  -------         MODULE        ?C?LNEG
  C:0BC1H         PUBLIC        ?C?LNEG
  -------         ENDMOD        ?C?LNEG

  -------         MODULE        ?C?SLCMP
  C:0BCFH         PUBLIC        ?C?SLCMP
  -------         ENDMOD        ?C?SLCMP

*** WARNING L16: UNCALLED SEGMENT, IGNORED FOR OVERLAY PROCESS
    SEGMENT: ?PR?SETRXMODE?CC1101

*** WARNING L16: UNCALLED SEGMENT, IGNORED FOR OVERLAY PROCESS
    SEGMENT: ?PR?ZHUDONG?MAIN

*** WARNING L16: UNCALLED SEGMENT, IGNORED FOR OVERLAY PROCESS
    SEGMENT: ?PR?TIME0_INIT?MAIN

*** WARNING L16: UNCALLED SEGMENT, IGNORED FOR OVERLAY PROCESS
    SEGMENT: ?PR?_GF3658_DATA?GF3658

*** WARNING L16: UNCALLED SEGMENT, IGNORED FOR OVERLAY PROCESS
    SEGMENT: ?PR?_GF3658_MAP?GF3658

*** WARNING L16: UNCALLED SEGMENT, IGNORED FOR OVERLAY PROCESS
    SEGMENT: ?PR?GF3658?GF3658

Program Size: data=123.2 xdata=780 code=8041
LINK/LOCATE RUN COMPLETE.  6 WARNING(S),  0 ERROR(S)
